Archive member included to satisfy reference by file (symbol)

/opt/launchpad/arm-gnu-toolchain-13.3.rel1-x86_64-arm-none-eabi/bin/../lib/gcc/arm-none-eabi/13.3.1/../../../../arm-none-eabi/lib/thumb/v8-m.main+fp/softfp/libm.a(libm_a-wf_sqrt.o)
                              CMakeFiles/dspod_blink.dir/opt/pico2/pico-sdk/src/rp2_common/pico_float/float_math.c.o (sqrtf)
/opt/launchpad/arm-gnu-toolchain-13.3.rel1-x86_64-arm-none-eabi/bin/../lib/gcc/arm-none-eabi/13.3.1/../../../../arm-none-eabi/lib/thumb/v8-m.main+fp/softfp/libm.a(libm_a-ef_sqrt.o)
                              /opt/launchpad/arm-gnu-toolchain-13.3.rel1-x86_64-arm-none-eabi/bin/../lib/gcc/arm-none-eabi/13.3.1/../../../../arm-none-eabi/lib/thumb/v8-m.main+fp/softfp/libm.a(libm_a-wf_sqrt.o) (__ieee754_sqrtf)
/opt/launchpad/arm-gnu-toolchain-13.3.rel1-x86_64-arm-none-eabi/bin/../lib/gcc/arm-none-eabi/13.3.1/thumb/v8-m.main+fp/softfp/libgcc.a(_arm_addsubdf3.o)
                              CMakeFiles/dspod_blink.dir/opt/pico2/pico-sdk/src/rp2_common/pico_float/float_math.c.o (__aeabi_f2d)
/opt/launchpad/arm-gnu-toolchain-13.3.rel1-x86_64-arm-none-eabi/bin/../lib/gcc/arm-none-eabi/13.3.1/thumb/v8-m.main+fp/softfp/libgcc.a(_aeabi_ldivmod.o)
                              CMakeFiles/dspod_blink.dir/opt/pico2/pico-sdk/src/common/pico_time/time.c.o (__aeabi_ldivmod)
/opt/launchpad/arm-gnu-toolchain-13.3.rel1-x86_64-arm-none-eabi/bin/../lib/gcc/arm-none-eabi/13.3.1/thumb/v8-m.main+fp/softfp/libgcc.a(_aeabi_uldivmod.o)
                              CMakeFiles/dspod_blink.dir/opt/pico2/pico-sdk/src/rp2_common/hardware_clocks/clocks.c.o (__aeabi_uldivmod)
/opt/launchpad/arm-gnu-toolchain-13.3.rel1-x86_64-arm-none-eabi/bin/../lib/gcc/arm-none-eabi/13.3.1/thumb/v8-m.main+fp/softfp/libgcc.a(_udivmoddi4.o)
                              /opt/launchpad/arm-gnu-toolchain-13.3.rel1-x86_64-arm-none-eabi/bin/../lib/gcc/arm-none-eabi/13.3.1/thumb/v8-m.main+fp/softfp/libgcc.a(_aeabi_ldivmod.o) (__udivmoddi4)
/opt/launchpad/arm-gnu-toolchain-13.3.rel1-x86_64-arm-none-eabi/bin/../lib/gcc/arm-none-eabi/13.3.1/thumb/v8-m.main+fp/softfp/libgcc.a(_dvmd_tls.o)
                              /opt/launchpad/arm-gnu-toolchain-13.3.rel1-x86_64-arm-none-eabi/bin/../lib/gcc/arm-none-eabi/13.3.1/thumb/v8-m.main+fp/softfp/libgcc.a(_aeabi_ldivmod.o) (__aeabi_ldiv0)
/opt/launchpad/arm-gnu-toolchain-13.3.rel1-x86_64-arm-none-eabi/bin/../lib/gcc/arm-none-eabi/13.3.1/../../../../arm-none-eabi/lib/thumb/v8-m.main+fp/softfp/libg.a(libc_a-memcpy.o)
                              CMakeFiles/dspod_blink.dir/opt/pico2/pico-sdk/src/common/pico_util/queue.c.o (memcpy)
/opt/launchpad/arm-gnu-toolchain-13.3.rel1-x86_64-arm-none-eabi/bin/../lib/gcc/arm-none-eabi/13.3.1/../../../../arm-none-eabi/lib/thumb/v8-m.main+fp/softfp/libg.a(libc_a-strlen-stub.o)
                              CMakeFiles/dspod_blink.dir/opt/pico2/pico-sdk/src/rp2_common/pico_stdio/stdio.c.o (strlen)
/opt/launchpad/arm-gnu-toolchain-13.3.rel1-x86_64-arm-none-eabi/bin/../lib/gcc/arm-none-eabi/13.3.1/../../../../arm-none-eabi/lib/thumb/v8-m.main+fp/softfp/libg.a(libc_a-malloc.o)
                              CMakeFiles/dspod_blink.dir/opt/pico2/pico-sdk/src/rp2_common/pico_malloc/malloc.c.o (malloc)
/opt/launchpad/arm-gnu-toolchain-13.3.rel1-x86_64-arm-none-eabi/bin/../lib/gcc/arm-none-eabi/13.3.1/../../../../arm-none-eabi/lib/thumb/v8-m.main+fp/softfp/libg.a(libc_a-mallocr.o)
                              /opt/launchpad/arm-gnu-toolchain-13.3.rel1-x86_64-arm-none-eabi/bin/../lib/gcc/arm-none-eabi/13.3.1/../../../../arm-none-eabi/lib/thumb/v8-m.main+fp/softfp/libg.a(libc_a-malloc.o) (_malloc_r)
/opt/launchpad/arm-gnu-toolchain-13.3.rel1-x86_64-arm-none-eabi/bin/../lib/gcc/arm-none-eabi/13.3.1/../../../../arm-none-eabi/lib/thumb/v8-m.main+fp/softfp/libg.a(libc_a-lcltime_r.o)
                              CMakeFiles/dspod_blink.dir/opt/pico2/pico-sdk/src/common/pico_util/datetime.c.o (localtime_r)
/opt/launchpad/arm-gnu-toolchain-13.3.rel1-x86_64-arm-none-eabi/bin/../lib/gcc/arm-none-eabi/13.3.1/../../../../arm-none-eabi/lib/thumb/v8-m.main+fp/softfp/libg.a(libc_a-sbrkr.o)
                              /opt/launchpad/arm-gnu-toolchain-13.3.rel1-x86_64-arm-none-eabi/bin/../lib/gcc/arm-none-eabi/13.3.1/../../../../arm-none-eabi/lib/thumb/v8-m.main+fp/softfp/libg.a(libc_a-mallocr.o) (_sbrk_r)
/opt/launchpad/arm-gnu-toolchain-13.3.rel1-x86_64-arm-none-eabi/bin/../lib/gcc/arm-none-eabi/13.3.1/../../../../arm-none-eabi/lib/thumb/v8-m.main+fp/softfp/libg.a(libc_a-mktime.o)
                              CMakeFiles/dspod_blink.dir/opt/pico2/pico-sdk/src/common/pico_util/datetime.c.o (mktime)
/opt/launchpad/arm-gnu-toolchain-13.3.rel1-x86_64-arm-none-eabi/bin/../lib/gcc/arm-none-eabi/13.3.1/../../../../arm-none-eabi/lib/thumb/v8-m.main+fp/softfp/libg.a(libc_a-month_lengths.o)
[...]
Memory Configuration

Name             Origin             Length             Attributes
FLASH            0x10000000         0x00400000         xr
RAM              0x20000000         0x00080000         xrw
SCRATCH_X        0x20080000         0x00001000         xrw
SCRATCH_Y        0x20081000         0x00001000         xrw
*default*        0x00000000         0xffffffff

Linker script and memory map

LOAD /opt/launchpad/arm-gnu-toolchain-13.3.rel1-x86_64-arm-none-eabi/bin/../lib/gcc/arm-none-eabi/13.3.1/thumb/v8-m.main+fp/softfp/crti.o
LOAD /opt/launchpad/arm-gnu-toolchain-13.3.rel1-x86_64-arm-none-eabi/bin/../lib/gcc/arm-none-eabi/13.3.1/thumb/v8-m.main+fp/softfp/crtbegin.o
LOAD /opt/launchpad/arm-gnu-toolchain-13.3.rel1-x86_64-arm-none-eabi/bin/../lib/gcc/arm-none-eabi/13.3.1/../../../../arm-none-eabi/lib/thumb/v8-m.main+fp/softfp/crt0.o

.flash_begin    0x10000000        0x0
                0x10000000                        __flash_binary_start = .

.text           0x10000000     0x1474
                0x10000000                        __logical_binary_start = .
 *(.vectors)
 .vectors       0x10000000      0x124 CMakeFiles/dspod_blink.dir/opt/pico2/pico-sdk/src/rp2_common/pico_crt0/crt0.S.o
                0x10000000                __vectors
                0x10000000                __VECTOR_TABLE
                0x10000110                isr_invalid
                0x10000110                __default_isrs_start
                0x10000112                isr_nmi
                0x10000114                isr_hardfault
                0x10000116                isr_svcall
                0x10000118                isr_pendsv
                0x1000011a                isr_systick
                0x1000011c                isr_irq30
                0x1000011c                __unhandled_user_irq
                0x1000011c                isr_irq49
                0x1000011c                isr_irq13
                0x1000011c                isr_irq43
                0x1000011c                isr_irq45
                0x1000011c                isr_irq27
                0x1000011c                isr_irq32
                0x1000011c                isr_irq31
                0x1000011c                isr_irq5
                0x1000011c                isr_irq11
                0x1000011c                isr_irq23
                0x1000011c                isr_irq48
                0x1000011c                isr_irq35
                0x1000011c                isr_irq18
                0x1000011c                isr_irq50
                0x1000011c                isr_irq40
                0x1000011c                isr_irq28
                0x1000011c                isr_irq19
                0x1000011c                isr_irq36
                0x1000011c                isr_irq41
                0x1000011c                isr_irq0
                0x1000011c                isr_irq6
                0x1000011c                isr_irq37
                0x1000011c                isr_irq42
                0x1000011c                isr_irq22
                0x1000011c                isr_irq17
                0x1000011c                isr_irq38
                0x1000011c                isr_irq14
                0x1000011c                isr_irq2
                0x1000011c                isr_irq10
                0x1000011c                isr_irq8
                0x1000011c                isr_irq24
                0x1000011c                isr_irq46
                0x1000011c                isr_irq1
                0x1000011c                isr_irq47
                0x1000011c                isr_irq51
                0x1000011c                isr_irq7
                0x1000011c                isr_irq21
                0x1000011c                isr_irq39
                0x1000011c                isr_irq20
                0x1000011c                isr_irq15
                0x1000011c                isr_irq25
                0x1000011c                isr_irq34
                0x1000011c                isr_irq4
                0x1000011c                isr_irq16
                0x1000011c                isr_irq44
                0x1000011c                isr_irq29
                0x1000011c                isr_irq26
                0x1000011c                __default_isrs_end
                0x1000011c                isr_irq33
                0x1000011c                isr_irq3
                0x1000011c                isr_irq12
                0x1000011c                isr_irq9
                0x10000122                unhandled_user_irq_num_in_r0
 *(.binary_info_header)
 .binary_info_header
                0x10000124       0x14 CMakeFiles/dspod_blink.dir/opt/pico2/pico-sdk/src/rp2_common/pico_crt0/crt0.S.o
                0x10000138                        __binary_info_header_end = .
 *(.embedded_block)
 .embedded_block
                0x10000138       0x14 CMakeFiles/dspod_blink.dir/opt/pico2/pico-sdk/src/rp2_common/pico_crt0/crt0.S.o
                0x1000014c                        __embedded_block_end = .
 *(.reset)
 .reset         0x1000014c       0xa0 CMakeFiles/dspod_blink.dir/opt/pico2/pico-sdk/src/rp2_common/pico_crt0/crt0.S.o
                0x1000014c                _entry_point
 *(.init)
 .init          0x100001ec        0x4 /opt/launchpad/arm-gnu-toolchain-13.3.rel1-x86_64-arm-none-eabi/bin/../lib/gcc/arm-none-eabi/13.3.1/thumb/v8-m.main+fp/softfp/crti.o
                0x100001ec                _init
 *libgcc.a:cmse_nonsecure_call.o()
 *(EXCLUDE_FILE(*libm.a: *libc.a:*lib_a-mem*.o *libgcc.a:) .text*)
 .text.register_tm_clones
                0x100001f0       0x28 /opt/launchpad/arm-gnu-toolchain-13.3.rel1-x86_64-arm-none-eabi/bin/../lib/gcc/arm-none-eabi/13.3.1/thumb/v8-m.main+fp/softfp/crtbegin.o
 .text.frame_dummy
                0x10000218       0x24 /opt/launchpad/arm-gnu-toolchain-13.3.rel1-x86_64-arm-none-eabi/bin/../lib/gcc/arm-none-eabi/13.3.1/thumb/v8-m.main+fp/softfp/crtbegin.o
 .text.startup.main
                0x1000023c       0x30 CMakeFiles/dspod_blink.dir/dspod_blink.c.o
                0x1000023c                main
 .text.gpio_init
                0x1000026c       0x48 CMakeFiles/dspod_blink.dir/opt/pico2/pico-sdk/src/rp2_common/hardware_gpio/gpio.c.o
                0x1000026c                gpio_init
 .text.panic    0x100002b4       0x30 CMakeFiles/dspod_blink.dir/opt/pico2/pico-sdk/src/rp2_common/pico_platform_panic/panic.c.o
                0x100002b4                panic
 .text.hw_claim_or_assert
                0x100002e4       0x58 CMakeFiles/dspod_blink.dir/opt/pico2/pico-sdk/src/common/hardware_claim/claim.c.o
                0x100002e4                hw_claim_or_assert
 .text.next_striped_spin_lock_num
                0x1000033c       0x18 CMakeFiles/dspod_blink.dir/opt/pico2/pico-sdk/src/rp2_common/hardware_sync/sync.c.o
                0x1000033c                next_striped_spin_lock_num
 .text.spinlock_set_extexclall
                0x10000354       0x10 CMakeFiles/dspod_blink.dir/opt/pico2/pico-sdk/src/rp2_common/hardware_sync_spin_lock/sync_spin_lock.c.o
 .text.spin_locks_reset
                0x10000364       0x18 CMakeFiles/dspod_blink.dir/opt/pico2/pico-sdk/src/rp2_common/hardware_sync_spin_lock/sync_spin_lock.c.o
                0x10000364                spin_locks_reset
 .text.runtime_init_per_core_irq_priorities
                0x1000037c       0x40 CMakeFiles/dspod_blink.dir/opt/pico2/pico-sdk/src/rp2_common/hardware_irq/irq.c.o
                0x1000037c                runtime_init_per_core_irq_priorities
 .text.irq_set_enabled
                0x100003bc       0x2c CMakeFiles/dspod_blink.dir/opt/pico2/pico-sdk/src/rp2_common/hardware_irq/irq.c.o
                0x100003bc                irq_set_enabled
 .text.irq_set_exclusive_handler
                0x100003e8       0x60 CMakeFiles/dspod_blink.dir/opt/pico2/pico-sdk/src/rp2_common/hardware_irq/irq.c.o
                0x100003e8                irq_set_exclusive_handler
 .text.lock_init
                0x10000448        0xc CMakeFiles/dspod_blink.dir/opt/pico2/pico-sdk/src/common/pico_sync/lock_core.c.o
                0x10000448                lock_init
 .text.runtime_init_mutex
                0x10000454       0x4c CMakeFiles/dspod_blink.dir/opt/pico2/pico-sdk/src/common/pico_sync/mutex.c.o
                0x10000454                runtime_init_mutex
 .text.sleep_until_callback
                0x100004a0       0x3c CMakeFiles/dspod_blink.dir/opt/pico2/pico-sdk/src/common/pico_time/time.c.o
 *fill*         0x100004dc        0x4 
 .text.alarm_pool_irq_handler
                0x100004e0      0x2f0 CMakeFiles/dspod_blink.dir/opt/pico2/pico-sdk/src/common/pico_time/time.c.o
 .text.runtime_init_default_alarm_pool
                0x100007d0      0x100 CMakeFiles/dspod_blink.dir/opt/pico2/pico-sdk/src/common/pico_time/time.c.o
                0x100007d0                runtime_init_default_alarm_pool
 .text.alarm_pool_add_alarm_at_force_in_context
                0x100008d0       0xc8 CMakeFiles/dspod_blink.dir/opt/pico2/pico-sdk/src/common/pico_time/time.c.o
                0x100008d0                alarm_pool_add_alarm_at_force_in_context
 .text.alarm_pool_cancel_alarm
                0x10000998       0x80 CMakeFiles/dspod_blink.dir/opt/pico2/pico-sdk/src/common/pico_time/time.c.o
                0x10000998                alarm_pool_cancel_alarm
 .text.sleep_until
                0x10000a18       0xbc CMakeFiles/dspod_blink.dir/opt/pico2/pico-sdk/src/common/pico_time/time.c.o
                0x10000a18                sleep_until
 .text.sleep_ms
                0x10000ad4       0x2c CMakeFiles/dspod_blink.dir/opt/pico2/pico-sdk/src/common/pico_time/time.c.o
                0x10000ad4                sleep_ms
 .text.best_effort_wfe_or_timeout
                0x10000b00       0xbc CMakeFiles/dspod_blink.dir/opt/pico2/pico-sdk/src/common/pico_time/time.c.o
                0x10000b00                best_effort_wfe_or_timeout
 .text.timer_hardware_alarm_claim
                0x10000bbc       0x24 CMakeFiles/dspod_blink.dir/opt/pico2/pico-sdk/src/rp2_common/hardware_timer/timer.c.o
                0x10000bbc                timer_hardware_alarm_claim
 .text.timer_time_us_64
                0x10000be0       0x10 CMakeFiles/dspod_blink.dir/opt/pico2/pico-sdk/src/rp2_common/hardware_timer/timer.c.o
                0x10000be0                timer_time_us_64
 .text.time_us_64
                0x10000bf0       0x14 CMakeFiles/dspod_blink.dir/opt/pico2/pico-sdk/src/rp2_common/hardware_timer/timer.c.o
                0x10000bf0                time_us_64
 .text.busy_wait_until
                0x10000c04       0x24 CMakeFiles/dspod_blink.dir/opt/pico2/pico-sdk/src/rp2_common/hardware_timer/timer.c.o
                0x10000c04                busy_wait_until
 .text.clock_configure_undivided
                0x10000c28       0xd0 CMakeFiles/dspod_blink.dir/opt/pico2/pico-sdk/src/rp2_common/hardware_clocks/clocks.c.o
                0x10000c28                clock_configure_undivided
 .text.clock_get_hz
                0x10000cf8        0xc CMakeFiles/dspod_blink.dir/opt/pico2/pico-sdk/src/rp2_common/hardware_clocks/clocks.c.o
                0x10000cf8                clock_get_hz
 .text.pll_init
                0x10000d04       0x8c CMakeFiles/dspod_blink.dir/opt/pico2/pico-sdk/src/rp2_common/hardware_pll/pll.c.o
                0x10000d04                pll_init
 .text.tick_start
                0x10000d90       0x18 CMakeFiles/dspod_blink.dir/opt/pico2/pico-sdk/src/rp2_common/hardware_ticks/ticks.c.o
                0x10000d90                tick_start
 .text.rom_func_lookup
                0x10000da8       0x18 CMakeFiles/dspod_blink.dir/opt/pico2/pico-sdk/src/rp2_common/pico_bootrom/bootrom.c.o
                0x10000da8                rom_func_lookup
 .text.runtime_init_bootrom_locking_enable
                0x10000dc0       0x14 CMakeFiles/dspod_blink.dir/opt/pico2/pico-sdk/src/rp2_common/pico_bootrom/bootrom_lock.c.o
                0x10000dc0                runtime_init_bootrom_locking_enable
 .text.runtime_init_boot_locks_reset
                0x10000dd4       0x1c CMakeFiles/dspod_blink.dir/opt/pico2/pico-sdk/src/rp2_common/hardware_boot_lock/boot_lock.c.o
                0x10000dd4                runtime_init_boot_locks_reset
 .text.xosc_init
                0x10000df0       0x30 CMakeFiles/dspod_blink.dir/opt/pico2/pico-sdk/src/rp2_common/hardware_xosc/xosc.c.o
                0x10000df0                xosc_init
 .text.first_per_core_initializer
                0x10000e20        0x4 CMakeFiles/dspod_blink.dir/opt/pico2/pico-sdk/src/rp2_common/pico_runtime/runtime.c.o
 .text.hard_assertion_failure
                0x10000e24        0xc CMakeFiles/dspod_blink.dir/opt/pico2/pico-sdk/src/rp2_common/pico_runtime/runtime.c.o
                0x10000e24                hard_assertion_failure
 .text.runtime_run_initializers
                0x10000e30       0x20 CMakeFiles/dspod_blink.dir/opt/pico2/pico-sdk/src/rp2_common/pico_runtime/runtime.c.o
                0x10000e30                runtime_run_initializers
 .text.runtime_init_early_resets
                0x10000e50       0x34 CMakeFiles/dspod_blink.dir/opt/pico2/pico-sdk/src/rp2_common/pico_runtime_init/runtime_init.c.o
                0x10000e50                runtime_init_early_resets
 .text.runtime_init_usb_power_down
                0x10000e84       0x1c CMakeFiles/dspod_blink.dir/opt/pico2/pico-sdk/src/rp2_common/pico_runtime_init/runtime_init.c.o
                0x10000e84                runtime_init_usb_power_down
 .text.runtime_init_per_core_enable_coprocessors
                0x10000ea0       0x1c CMakeFiles/dspod_blink.dir/opt/pico2/pico-sdk/src/rp2_common/pico_runtime_init/runtime_init.c.o
                0x10000ea0                runtime_init_per_core_enable_coprocessors
 .text.runtime_init_post_clock_resets
                0x10000ebc       0x20 CMakeFiles/dspod_blink.dir/opt/pico2/pico-sdk/src/rp2_common/pico_runtime_init/runtime_init.c.o
                0x10000ebc                runtime_init_post_clock_resets
 .text.runtime_init_bootrom_reset
                0x10000edc       0x14 CMakeFiles/dspod_blink.dir/opt/pico2/pico-sdk/src/rp2_common/pico_runtime_init/runtime_init.c.o
                0x10000edc                runtime_init_bootrom_reset
 .text.runtime_init_per_core_bootrom_reset
                0x10000ef0       0x14 CMakeFiles/dspod_blink.dir/opt/pico2/pico-sdk/src/rp2_common/pico_runtime_init/runtime_init.c.o
                0x10000ef0                runtime_init_per_core_bootrom_reset
 .text.runtime_init_spin_locks_reset
                0x10000f04        0x4 CMakeFiles/dspod_blink.dir/opt/pico2/pico-sdk/src/rp2_common/pico_runtime_init/runtime_init.c.o
                0x10000f04                runtime_init_spin_locks_reset
 .text.runtime_init_install_ram_vector_table
                0x10000f08       0x20 CMakeFiles/dspod_blink.dir/opt/pico2/pico-sdk/src/rp2_common/pico_runtime_init/runtime_init.c.o
                0x10000f08                runtime_init_install_ram_vector_table
 .text.runtime_init_clocks
                0x10000f28       0xdc CMakeFiles/dspod_blink.dir/opt/pico2/pico-sdk/src/rp2_common/pico_runtime_init/runtime_init_clocks.c.o
                0x10000f28                runtime_init_clocks
 .text._out_char
                0x10001004        0x8 CMakeFiles/dspod_blink.dir/opt/pico2/pico-sdk/src/rp2_common/pico_printf/printf.c.o
 .text.weak_raw_vprintf
                0x1000100c       0x30 CMakeFiles/dspod_blink.dir/opt/pico2/pico-sdk/src/rp2_common/pico_printf/printf.c.o
                0x1000100c                weak_raw_vprintf
 .text._exit    0x1000103c        0x4 CMakeFiles/dspod_blink.dir/opt/pico2/pico-sdk/src/rp2_common/pico_clib_interface/newlib_interface.c.o
                0x1000103c                _exit
 .text.exit     0x10001040        0x8 CMakeFiles/dspod_blink.dir/opt/pico2/pico-sdk/src/rp2_common/pico_clib_interface/newlib_interface.c.o
                0x10001040                exit
 .text.runtime_init
                0x10001048       0x24 CMakeFiles/dspod_blink.dir/opt/pico2/pico-sdk/src/rp2_common/pico_clib_interface/newlib_interface.c.o
                0x10001048                runtime_init
 .text.stdio_out_chars_no_crlf
                0x1000106c        0x8 CMakeFiles/dspod_blink.dir/opt/pico2/pico-sdk/src/rp2_common/pico_stdio/stdio.c.o
 .text.stdio_out_chars_crlf
                0x10001074       0xac CMakeFiles/dspod_blink.dir/opt/pico2/pico-sdk/src/rp2_common/pico_stdio/stdio.c.o
 .text.stdio_put_string
                0x10001120       0xf0 CMakeFiles/dspod_blink.dir/opt/pico2/pico-sdk/src/rp2_common/pico_stdio/stdio.c.o
                0x10001120                stdio_put_string
 .text.__wrap_putchar
                0x10001210       0x84 CMakeFiles/dspod_blink.dir/opt/pico2/pico-sdk/src/rp2_common/pico_stdio/stdio.c.o
                0x10001210                stdio_putchar
                0x10001210                __wrap_putchar
 .text.__wrap_puts
                0x10001294       0x3c CMakeFiles/dspod_blink.dir/opt/pico2/pico-sdk/src/rp2_common/pico_stdio/stdio.c.o
                0x10001294                __wrap_puts
                0x10001294                stdio_puts
 .text          0x100012d0       0xec /opt/launchpad/arm-gnu-toolchain-13.3.rel1-x86_64-arm-none-eabi/bin/../lib/gcc/arm-none-eabi/13.3.1/../../../../arm-none-eabi/lib/thumb/v8-m.main+fp/softfp/libg.a(libc_a-memcpy.o)
                0x100012d0                memcpy
 .text.strlen   0x100013bc       0x5c /opt/launchpad/arm-gnu-toolchain-13.3.rel1-x86_64-arm-none-eabi/bin/../lib/gcc/arm-none-eabi/13.3.1/../../../../arm-none-eabi/lib/thumb/v8-m.main+fp/softfp/libg.a(libc_a-strlen-stub.o)
                0x100013bc                strlen
 *(.fini)
 .fini          0x10001418        0x4 /opt/launchpad/arm-gnu-toolchain-13.3.rel1-x86_64-arm-none-eabi/bin/../lib/gcc/arm-none-eabi/13.3.1/thumb/v8-m.main+fp/softfp/crti.o
                0x10001418                _fini
 *fill*         0x1000141c        0x4 
 .fini.__stub   0x10001420       0x10 linker stubs
 *crtbegin.o(.ctors)
 *crtbegin?.o(.ctors)
 *(EXCLUDE_FILE(*crtend.o *crtend?.o) .ctors)
 *(SORT_BY_NAME(.ctors.*))
 *(.ctors)
 *crtbegin.o(.dtors)
 *crtbegin?.o(.dtors)
 *(EXCLUDE_FILE(*crtend.o *crtend?.o) .dtors)
 *(SORT_BY_NAME(.dtors.*))
 *(.dtors)
                0x10001430                        . = ALIGN (0x4)
                0x10001430                        PROVIDE (__preinit_array_start = .)
 *(SORT_BY_NAME(.preinit_array.*))
 .preinit_array.00050
                0x10001430        0x4 CMakeFiles/dspod_blink.dir/opt/pico2/pico-sdk/src/rp2_common/pico_runtime_init/runtime_init.c.o
                0x10001430                __pre_init_runtime_init_bootrom_reset
 .preinit_array.00100
                0x10001434        0x4 CMakeFiles/dspod_blink.dir/opt/pico2/pico-sdk/src/rp2_common/pico_runtime_init/runtime_init.c.o
                0x10001434                __pre_init_runtime_init_early_resets
 .preinit_array.00101
                0x10001438        0x4 CMakeFiles/dspod_blink.dir/opt/pico2/pico-sdk/src/rp2_common/pico_runtime_init/runtime_init.c.o
                0x10001438                __pre_init_runtime_init_usb_power_down
 .preinit_array.00500
                0x1000143c        0x4 CMakeFiles/dspod_blink.dir/opt/pico2/pico-sdk/src/rp2_common/pico_runtime_init/runtime_init.c.o
                0x1000143c                __pre_init_runtime_init_clocks
 .preinit_array.00600
                0x10001440        0x4 CMakeFiles/dspod_blink.dir/opt/pico2/pico-sdk/src/rp2_common/pico_runtime_init/runtime_init.c.o
                0x10001440                __pre_init_runtime_init_post_clock_resets
 .preinit_array.01000
                0x10001444        0x4 CMakeFiles/dspod_blink.dir/opt/pico2/pico-sdk/src/rp2_common/hardware_boot_lock/boot_lock.c.o
                0x10001444                __pre_init_runtime_init_boot_locks_reset
 .preinit_array.01000
                0x10001448        0x4 CMakeFiles/dspod_blink.dir/opt/pico2/pico-sdk/src/rp2_common/pico_runtime_init/runtime_init.c.o
                0x10001448                __pre_init_runtime_init_spin_locks_reset
 .preinit_array.01010
                0x1000144c        0x4 CMakeFiles/dspod_blink.dir/opt/pico2/pico-sdk/src/rp2_common/pico_bootrom/bootrom_lock.c.o
                0x1000144c                __pre_init_runtime_init_bootrom_locking_enable
 .preinit_array.01100
                0x10001450        0x4 CMakeFiles/dspod_blink.dir/opt/pico2/pico-sdk/src/common/pico_sync/mutex.c.o
                0x10001450                __pre_init_runtime_init_mutex
 .preinit_array.10080
                0x10001454        0x4 CMakeFiles/dspod_blink.dir/opt/pico2/pico-sdk/src/rp2_common/pico_runtime_init/runtime_init.c.o
                0x10001454                __pre_init_runtime_init_install_ram_vector_table
 .preinit_array.11000
                0x10001458        0x4 CMakeFiles/dspod_blink.dir/opt/pico2/pico-sdk/src/common/pico_time/time.c.o
                0x10001458                __pre_init_runtime_init_default_alarm_pool
 .preinit_array.YYYYY
                0x1000145c        0x4 CMakeFiles/dspod_blink.dir/opt/pico2/pico-sdk/src/rp2_common/pico_runtime/runtime.c.o
                0x1000145c                __pre_init_first_per_core_initializer
 .preinit_array.ZZZZZ.00051
                0x10001460        0x4 CMakeFiles/dspod_blink.dir/opt/pico2/pico-sdk/src/rp2_common/pico_runtime_init/runtime_init.c.o
                0x10001460                __pre_init_runtime_init_per_core_bootrom_reset
 .preinit_array.ZZZZZ.00200
                0x10001464        0x4 CMakeFiles/dspod_blink.dir/opt/pico2/pico-sdk/src/rp2_common/pico_runtime_init/runtime_init.c.o
                0x10001464                __pre_init_runtime_init_per_core_enable_coprocessors
 .preinit_array.ZZZZZ.01000
                0x10001468        0x4 CMakeFiles/dspod_blink.dir/opt/pico2/pico-sdk/src/rp2_common/hardware_sync_spin_lock/sync_spin_lock.c.o
                0x10001468                __pre_init_spinlock_set_extexclall
 .preinit_array.ZZZZZ.01200
                0x1000146c        0x4 CMakeFiles/dspod_blink.dir/opt/pico2/pico-sdk/src/rp2_common/hardware_irq/irq.c.o
                0x1000146c                __pre_init_runtime_init_per_core_irq_priorities
 *(.preinit_array)
                0x10001470                        PROVIDE (__preinit_array_end = .)
                0x10001470                        . = ALIGN (0x4)
                0x10001470                        PROVIDE (__init_array_start = .)
 *(SORT_BY_NAME(.init_array.*))
 *(.init_array)
 .init_array    0x10001470        0x4 /opt/launchpad/arm-gnu-toolchain-13.3.rel1-x86_64-arm-none-eabi/bin/../lib/gcc/arm-none-eabi/13.3.1/thumb/v8-m.main+fp/softfp/crtbegin.o
                0x10001474                        PROVIDE (__init_array_end = .)
                0x10001474                        . = ALIGN (0x4)
                [!provide]                        PROVIDE (__fini_array_start = .)
 *(SORT_BY_NAME(.fini_array.*))
 *(.fini_array)
                [!provide]                        PROVIDE (__fini_array_end = .)
 *(.eh_frame*)
 .eh_frame      0x10001474        0x0 /opt/launchpad/arm-gnu-toolchain-13.3.rel1-x86_64-arm-none-eabi/bin/../lib/gcc/arm-none-eabi/13.3.1/thumb/v8-m.main+fp/softfp/crtbegin.o
                0x10001474                        . = ALIGN (0x4)

.glue_7         0x10001474        0x0
 .glue_7        0x10001474        0x0 linker stubs

.glue_7t        0x10001474        0x0
 .glue_7t       0x10001474        0x0 linker stubs

.vfp11_veneer   0x10001474        0x0
 .vfp11_veneer  0x10001474        0x0 linker stubs

.v4_bx          0x10001474        0x0
 .v4_bx         0x10001474        0x0 linker stubs

.iplt           0x10001474        0x0
 .iplt          0x10001474        0x0 /opt/launchpad/arm-gnu-toolchain-13.3.rel1-x86_64-arm-none-eabi/bin/../lib/gcc/arm-none-eabi/13.3.1/thumb/v8-m.main+fp/softfp/crtbegin.o

.boot2          0x10001474        0x0
                0x10001474                        __boot2_start__ = .
 *(.boot2)
                0x10001474                        __boot2_end__ = .
                0x00000001                        ASSERT (((__boot2_end__ - __boot2_start__) <= 0x100), ERROR: Pico second stage bootloader must be no more than 256 bytes in size)

.rodata         0x10001474       0xdc
 *(EXCLUDE_FILE(*libm.a: *libc.a:*lib_a-mem*.o *libgcc.a:) .rodata*)
 .rodata.panic.str1.4
                0x10001474       0x84 CMakeFiles/dspod_blink.dir/opt/pico2/pico-sdk/src/rp2_common/pico_platform_panic/panic.c.o
                                 0x12 (size before relaxing)
 .rodata.timer_hardware_alarm_claim.str1.4
                0x100014f8       0x22 CMakeFiles/dspod_blink.dir/opt/pico2/pico-sdk/src/rp2_common/hardware_timer/timer.c.o
 .rodata.hard_assertion_failure.str1.4
                0x100014f8        0xc CMakeFiles/dspod_blink.dir/opt/pico2/pico-sdk/src/rp2_common/pico_runtime/runtime.c.o
 .rodata.str1.4
                0x100014f8       0x40 CMakeFiles/dspod_blink.dir/opt/pico2/pico-sdk/src/rp2_common/pico_standard_binary_info/standard_binary_info.c.o
 .rodata.__bi_84
                0x100014f8        0xc CMakeFiles/dspod_blink.dir/opt/pico2/pico-sdk/src/rp2_common/pico_standard_binary_info/standard_binary_info.c.o
 .rodata.__bi_78
                0x10001504        0xc CMakeFiles/dspod_blink.dir/opt/pico2/pico-sdk/src/rp2_common/pico_standard_binary_info/standard_binary_info.c.o
 .rodata.__bi_54
                0x10001510        0xc CMakeFiles/dspod_blink.dir/opt/pico2/pico-sdk/src/rp2_common/pico_standard_binary_info/standard_binary_info.c.o
 .rodata.__bi_48
                0x1000151c        0xc CMakeFiles/dspod_blink.dir/opt/pico2/pico-sdk/src/rp2_common/pico_standard_binary_info/standard_binary_info.c.o
 .rodata.__bi_42
                0x10001528        0xc CMakeFiles/dspod_blink.dir/opt/pico2/pico-sdk/src/rp2_common/pico_standard_binary_info/standard_binary_info.c.o
 .rodata.__bi_34
                0x10001534        0xc CMakeFiles/dspod_blink.dir/opt/pico2/pico-sdk/src/rp2_common/pico_standard_binary_info/standard_binary_info.c.o
 .rodata.__bi_26
                0x10001540        0xc CMakeFiles/dspod_blink.dir/opt/pico2/pico-sdk/src/rp2_common/pico_standard_binary_info/standard_binary_info.c.o
 .rodata.crlf_str.0
                0x1000154c        0x2 CMakeFiles/dspod_blink.dir/opt/pico2/pico-sdk/src/rp2_common/pico_stdio/stdio.c.o
 *(.srodata*)
                0x10001550                        . = ALIGN (0x4)
 *fill*         0x1000154e        0x2 
 *(SORT_BY_ALIGNMENT(SORT_BY_NAME(.flashdata*)))
                0x10001550                        . = ALIGN (0x4)

.ARM.extab
 *(.ARM.extab* .gnu.linkonce.armextab.*)
                0x10001550                        __exidx_start = .

.ARM.exidx      0x10001550        0x8
 *(.ARM.exidx* .gnu.linkonce.armexidx.*)
 .ARM.exidx     0x10001550        0x8 /opt/launchpad/arm-gnu-toolchain-13.3.rel1-x86_64-arm-none-eabi/bin/../lib/gcc/arm-none-eabi/13.3.1/../../../../arm-none-eabi/lib/thumb/v8-m.main+fp/softfp/libg.a(libc_a-memcpy.o)
                0x10001558                        __exidx_end = .
                0x10001558                        . = ALIGN (0x4)
                0x10001558                        __binary_info_start = .

.binary_info    0x10001558       0x1c
 *(.binary_info.keep.*)
 .binary_info.keep.__bi_ptr84
                0x10001558        0x4 CMakeFiles/dspod_blink.dir/opt/pico2/pico-sdk/src/rp2_common/pico_standard_binary_info/standard_binary_info.c.o
 .binary_info.keep.__bi_ptr78
                0x1000155c        0x4 CMakeFiles/dspod_blink.dir/opt/pico2/pico-sdk/src/rp2_common/pico_standard_binary_info/standard_binary_info.c.o
 .binary_info.keep.__bi_ptr54
                0x10001560        0x4 CMakeFiles/dspod_blink.dir/opt/pico2/pico-sdk/src/rp2_common/pico_standard_binary_info/standard_binary_info.c.o
 .binary_info.keep.__bi_ptr48
                0x10001564        0x4 CMakeFiles/dspod_blink.dir/opt/pico2/pico-sdk/src/rp2_common/pico_standard_binary_info/standard_binary_info.c.o
 .binary_info.keep.__bi_ptr42
                0x10001568        0x4 CMakeFiles/dspod_blink.dir/opt/pico2/pico-sdk/src/rp2_common/pico_standard_binary_info/standard_binary_info.c.o
 .binary_info.keep.__bi_ptr34
                0x1000156c        0x4 CMakeFiles/dspod_blink.dir/opt/pico2/pico-sdk/src/rp2_common/pico_standard_binary_info/standard_binary_info.c.o
 .binary_info.keep.__bi_ptr26
                0x10001570        0x4 CMakeFiles/dspod_blink.dir/opt/pico2/pico-sdk/src/rp2_common/pico_standard_binary_info/standard_binary_info.c.o
 *(.binary_info.*)
                0x10001574                        __binary_info_end = .
                0x10001574                        . = ALIGN (0x4)

.ram_vector_table
                0x20000000      0x110
 *(.ram_vector_table)
 .ram_vector_table
                0x20000000      0x110 CMakeFiles/dspod_blink.dir/opt/pico2/pico-sdk/src/rp2_common/pico_runtime_init/runtime_init.c.o
                0x20000000                ram_vector_table

.uninitialized_data
                0x20000110        0x0
                0x20000110                        . = ALIGN (0x4)
 *(.uninitialized_data*)

.data           0x20000110      0x144 load address 0x10001574
                0x20000110                        __data_start__ = .
 *(vtable)
 *(.time_critical*)
 .time_critical.mutex_enter_block_until
                0x20000110       0x70 CMakeFiles/dspod_blink.dir/opt/pico2/pico-sdk/src/common/pico_sync/mutex.c.o
                0x20000110                mutex_enter_block_until
 .time_critical.mutex_try_enter_block_until
                0x20000180       0x6c CMakeFiles/dspod_blink.dir/opt/pico2/pico-sdk/src/common/pico_sync/mutex.c.o
                0x20000180                mutex_try_enter_block_until
 .time_critical.mutex_exit
                0x200001ec       0x3c CMakeFiles/dspod_blink.dir/opt/pico2/pico-sdk/src/common/pico_sync/mutex.c.o
                0x200001ec                mutex_exit
 .time_critical.mutex_exit.__stub
                0x20000228        0x8 linker stubs
 *(.text*)
                0x20000230                        . = ALIGN (0x4)
 *(.rodata*)
                0x20000230                        . = ALIGN (0x4)
 *(.data*)
 .data.striped_spin_lock_num
                0x20000230        0x1 CMakeFiles/dspod_blink.dir/opt/pico2/pico-sdk/src/rp2_common/hardware_sync/sync.c.o
 *fill*         0x20000231        0x3 
 .data.default_alarm_pool
                0x20000234       0x18 CMakeFiles/dspod_blink.dir/opt/pico2/pico-sdk/src/common/pico_time/time.c.o
 *(.sdata*)
                0x2000024c                        . = ALIGN (0x4)
 *(.after_data.*)
                0x2000024c                        . = ALIGN (0x4)
                0x2000024c                        PROVIDE (__mutex_array_start = .)
 *(SORT_BY_NAME(.mutex_array.*))
 *(.mutex_array)
 .mutex_array   0x2000024c        0x8 CMakeFiles/dspod_blink.dir/opt/pico2/pico-sdk/src/rp2_common/pico_stdio/stdio.c.o
                0x20000254                        PROVIDE (__mutex_array_end = .)
 *(.jcr)
                0x20000254                        . = ALIGN (0x4)

.tm_clone_table
                0x20000254        0x0 load address 0x100016b8
 .tm_clone_table
                0x20000254        0x0 /opt/launchpad/arm-gnu-toolchain-13.3.rel1-x86_64-arm-none-eabi/bin/../lib/gcc/arm-none-eabi/13.3.1/thumb/v8-m.main+fp/softfp/crtbegin.o
 .tm_clone_table
                0x20000254        0x0 /opt/launchpad/arm-gnu-toolchain-13.3.rel1-x86_64-arm-none-eabi/bin/../lib/gcc/arm-none-eabi/13.3.1/thumb/v8-m.main+fp/softfp/crtend.o

.igot.plt       0x20000254        0x0 load address 0x100016b8
 .igot.plt      0x20000254        0x0 /opt/launchpad/arm-gnu-toolchain-13.3.rel1-x86_64-arm-none-eabi/bin/../lib/gcc/arm-none-eabi/13.3.1/thumb/v8-m.main+fp/softfp/crtbegin.o

.tdata          0x20000254        0x0 load address 0x100016b8
                0x20000254                        . = ALIGN (0x4)
 *(.tdata .tdata.* .gnu.linkonce.td.*)
                0x20000254                        __tdata_end = .
                0x20000254                        PROVIDE (__data_end__ = .)
                0x10001574                        __etext = LOADADDR (.data)

.tbss           0x20000254        0x0 load address 0x100016b8
                0x20000254                        . = ALIGN (0x4)
                0x20000254                        __bss_start__ = .
                0x20000254                        __tls_base = .
 *(.tbss .tbss.* .gnu.linkonce.tb.*)
 *(.tcommon)
                0x20000254                        __tls_end = .

.bss            0x20000258      0x214 load address 0x100016b8
                0x20000258                        . = ALIGN (0x4)
                0x20000258                        __tbss_end = .
 *(SORT_BY_ALIGNMENT(SORT_BY_NAME(.bss*)))
 .bss.default_alarm_pool_entries
                0x20000258      0x180 CMakeFiles/dspod_blink.dir/opt/pico2/pico-sdk/src/common/pico_time/time.c.o
 .bss._sw_spin_locks
                0x200003d8       0x20 CMakeFiles/dspod_blink.dir/opt/pico2/pico-sdk/src/rp2_common/hardware_sync_spin_lock/sync_spin_lock.c.o
                0x200003d8                _sw_spin_locks
 .bss.claimed   0x200003f8        0x2 CMakeFiles/dspod_blink.dir/opt/pico2/pico-sdk/src/rp2_common/hardware_timer/timer.c.o
 *fill*         0x200003fa        0x2 
 .bss.configured_freq
                0x200003fc       0x28 CMakeFiles/dspod_blink.dir/opt/pico2/pico-sdk/src/rp2_common/hardware_clocks/clocks.c.o
 .bss.drivers   0x20000424        0x4 CMakeFiles/dspod_blink.dir/opt/pico2/pico-sdk/src/rp2_common/pico_stdio/stdio.c.o
 .bss.filter    0x20000428        0x4 CMakeFiles/dspod_blink.dir/opt/pico2/pico-sdk/src/rp2_common/pico_stdio/stdio.c.o
 .bss.lazy_vsnprintf
                0x2000042c        0x4 CMakeFiles/dspod_blink.dir/opt/pico2/pico-sdk/src/rp2_common/pico_printf/printf.c.o
 .bss.object.0  0x20000430       0x18 /opt/launchpad/arm-gnu-toolchain-13.3.rel1-x86_64-arm-none-eabi/bin/../lib/gcc/arm-none-eabi/13.3.1/thumb/v8-m.main+fp/softfp/crtbegin.o
 .bss.pools     0x20000448       0x20 CMakeFiles/dspod_blink.dir/opt/pico2/pico-sdk/src/common/pico_time/time.c.o
 .bss.sleep_notifier
                0x20000468        0x4 CMakeFiles/dspod_blink.dir/opt/pico2/pico-sdk/src/common/pico_time/time.c.o
 *(COMMON)
                [!provide]                        PROVIDE (__global_pointer$ = (. + 0x800))
 *(.sbss*)
                0x2000046c                        . = ALIGN (0x4)
                0x2000046c                        __bss_end__ = .

.heap           0x2000046c      0x800 load address 0x100016b8
                0x2000046c                        __end__ = .
                0x2000046c                        end = __end__
 *(.heap*)
 .heap          0x2000046c      0x800 CMakeFiles/dspod_blink.dir/opt/pico2/pico-sdk/src/rp2_common/pico_crt0/crt0.S.o
                0x20080000                        __HeapLimit = (ORIGIN (RAM) + LENGTH (RAM))

.scratch_x      0x20080000        0x0 load address 0x100016b8
                0x20080000                        __scratch_x_start__ = .
 *(.scratch_x.*)
                0x20080000                        . = ALIGN (0x4)
                0x20080000                        __scratch_x_end__ = .
                0x100016b8                        __scratch_x_source__ = LOADADDR (.scratch_x)

.scratch_y      0x20081000        0x0 load address 0x100016b8
                0x20081000                        __scratch_y_start__ = .
 *(.scratch_y.*)
                0x20081000                        . = ALIGN (0x4)
                0x20081000                        __scratch_y_end__ = .
                0x100016b8                        __scratch_y_source__ = LOADADDR (.scratch_y)

.stack1_dummy
 *(.stack1*)

.stack_dummy    0x20081000      0x800
 *(.stack*)
 .stack         0x20081000      0x800 CMakeFiles/dspod_blink.dir/opt/pico2/pico-sdk/src/rp2_common/pico_crt0/crt0.S.o

.flash_end      0x100016b8       0x14
 *(.embedded_end_block*)
 .embedded_end_block
                0x100016b8       0x14 CMakeFiles/dspod_blink.dir/opt/pico2/pico-sdk/src/rp2_common/pico_crt0/crt0.S.o
                0x100016cc                        PROVIDE (__flash_binary_end = .)
                0x20080000                        __StackLimit = (ORIGIN (RAM) + LENGTH (RAM))
                0x20081000                        __StackOneTop = (ORIGIN (SCRATCH_X) + LENGTH (SCRATCH_X))
                0x20082000                        __StackTop = (ORIGIN (SCRATCH_Y) + LENGTH (SCRATCH_Y))
                0x20081000                        __StackOneBottom = (__StackOneTop - SIZEOF (.stack1_dummy))
                0x20081800                        __StackBottom = (__StackTop - SIZEOF (.stack_dummy))
                0x20082000                        PROVIDE (__stack = __StackTop)
                [!provide]                        PROVIDE (__heap_start = __end__)
                [!provide]                        PROVIDE (__heap_end = __HeapLimit)
                [!provide]                        PROVIDE (__tls_align = MAX (ALIGNOF (.tdata), ALIGNOF (.tbss)))
                [!provide]                        PROVIDE (__tls_size_align = (((__tls_size + __tls_align) - 0x1) & ~ ((__tls_align - 0x1))))
                [!provide]                        PROVIDE (__arm32_tls_tcb_offset = MAX (0x8, __tls_align))
                [!provide]                        PROVIDE (_end = __end__)
                [!provide]                        PROVIDE (__llvm_libc_heap_limit = __HeapLimit)
                0x00000001                        ASSERT ((__StackLimit >= __HeapLimit), region RAM overflowed)
                0x00000001                        ASSERT (((__binary_info_header_end - __logical_binary_start) <= 0x400), Binary info must be in first 1024 bytes of the binary)
                0x00000001                        ASSERT (((__embedded_block_end - __logical_binary_start) <= 0x1000), Embedded block must be in first 4096 bytes of the binary)
LOAD CMakeFiles/dspod_blink.dir/dspod_blink.c.o
LOAD CMakeFiles/dspod_blink.dir/opt/pico2/pico-sdk/src/rp2_common/pico_stdlib/stdlib.c.o
LOAD CMakeFiles/dspod_blink.dir/opt/pico2/pico-sdk/src/rp2_common/hardware_gpio/gpio.c.o
LOAD CMakeFiles/dspod_blink.dir/opt/pico2/pico-sdk/src/rp2350/pico_platform/platform.c.o
LOAD CMakeFiles/dspod_blink.dir/opt/pico2/pico-sdk/src/rp2_common/pico_platform_panic/panic.c.o
LOAD CMakeFiles/dspod_blink.dir/opt/pico2/pico-sdk/src/common/hardware_claim/claim.c.o
LOAD CMakeFiles/dspod_blink.dir/opt/pico2/pico-sdk/src/rp2_common/hardware_sync/sync.c.o
LOAD CMakeFiles/dspod_blink.dir/opt/pico2/pico-sdk/src/rp2_common/hardware_sync_spin_lock/sync_spin_lock.c.o
LOAD CMakeFiles/dspod_blink.dir/opt/pico2/pico-sdk/src/rp2_common/hardware_irq/irq.c.o
LOAD CMakeFiles/dspod_blink.dir/opt/pico2/pico-sdk/src/rp2_common/hardware_irq/irq_handler_chain.S.o
LOAD CMakeFiles/dspod_blink.dir/opt/pico2/pico-sdk/src/common/pico_sync/sem.c.o
LOAD CMakeFiles/dspod_blink.dir/opt/pico2/pico-sdk/src/common/pico_sync/lock_core.c.o
LOAD CMakeFiles/dspod_blink.dir/opt/pico2/pico-sdk/src/common/pico_sync/mutex.c.o
LOAD CMakeFiles/dspod_blink.dir/opt/pico2/pico-sdk/src/common/pico_sync/critical_section.c.o
LOAD CMakeFiles/dspod_blink.dir/opt/pico2/pico-sdk/src/common/pico_time/time.c.o
LOAD CMakeFiles/dspod_blink.dir/opt/pico2/pico-sdk/src/common/pico_time/timeout_helper.c.o
LOAD CMakeFiles/dspod_blink.dir/opt/pico2/pico-sdk/src/rp2_common/hardware_timer/timer.c.o
LOAD CMakeFiles/dspod_blink.dir/opt/pico2/pico-sdk/src/common/pico_util/datetime.c.o
LOAD CMakeFiles/dspod_blink.dir/opt/pico2/pico-sdk/src/common/pico_util/pheap.c.o
LOAD CMakeFiles/dspod_blink.dir/opt/pico2/pico-sdk/src/common/pico_util/queue.c.o
LOAD CMakeFiles/dspod_blink.dir/opt/pico2/pico-sdk/src/rp2_common/hardware_uart/uart.c.o
LOAD CMakeFiles/dspod_blink.dir/opt/pico2/pico-sdk/src/rp2_common/hardware_clocks/clocks.c.o
LOAD CMakeFiles/dspod_blink.dir/opt/pico2/pico-sdk/src/rp2_common/hardware_pll/pll.c.o
LOAD CMakeFiles/dspod_blink.dir/opt/pico2/pico-sdk/src/rp2_common/hardware_vreg/vreg.c.o
LOAD CMakeFiles/dspod_blink.dir/opt/pico2/pico-sdk/src/rp2_common/hardware_watchdog/watchdog.c.o
LOAD CMakeFiles/dspod_blink.dir/opt/pico2/pico-sdk/src/rp2_common/hardware_ticks/ticks.c.o
LOAD CMakeFiles/dspod_blink.dir/opt/pico2/pico-sdk/src/rp2_common/pico_bootrom/bootrom.c.o
LOAD CMakeFiles/dspod_blink.dir/opt/pico2/pico-sdk/src/rp2_common/pico_bootrom/bootrom_lock.c.o
LOAD CMakeFiles/dspod_blink.dir/opt/pico2/pico-sdk/src/rp2_common/hardware_boot_lock/boot_lock.c.o
LOAD CMakeFiles/dspod_blink.dir/opt/pico2/pico-sdk/src/rp2_common/pico_flash/flash.c.o
LOAD CMakeFiles/dspod_blink.dir/opt/pico2/pico-sdk/src/rp2_common/hardware_xosc/xosc.c.o
LOAD CMakeFiles/dspod_blink.dir/opt/pico2/pico-sdk/src/rp2_common/hardware_divider/divider.c.o
LOAD CMakeFiles/dspod_blink.dir/opt/pico2/pico-sdk/src/rp2_common/pico_runtime/runtime.c.o
LOAD CMakeFiles/dspod_blink.dir/opt/pico2/pico-sdk/src/rp2_common/pico_runtime_init/runtime_init.c.o
LOAD CMakeFiles/dspod_blink.dir/opt/pico2/pico-sdk/src/rp2_common/pico_runtime_init/runtime_init_clocks.c.o
LOAD CMakeFiles/dspod_blink.dir/opt/pico2/pico-sdk/src/rp2_common/pico_runtime_init/runtime_init_stack_guard.c.o
LOAD CMakeFiles/dspod_blink.dir/opt/pico2/pico-sdk/src/rp2_common/pico_bit_ops/bit_ops_aeabi.S.o
LOAD CMakeFiles/dspod_blink.dir/opt/pico2/pico-sdk/src/rp2_common/pico_divider/divider_compiler.c.o
LOAD CMakeFiles/dspod_blink.dir/opt/pico2/pico-sdk/src/rp2_common/pico_double/double_math.c.o
LOAD CMakeFiles/dspod_blink.dir/opt/pico2/pico-sdk/src/rp2_common/pico_double/double_aeabi_dcp.S.o
LOAD CMakeFiles/dspod_blink.dir/opt/pico2/pico-sdk/src/rp2_common/pico_double/double_fma_dcp.S.o
LOAD CMakeFiles/dspod_blink.dir/opt/pico2/pico-sdk/src/rp2_common/pico_double/double_sci_m33.S.o
LOAD CMakeFiles/dspod_blink.dir/opt/pico2/pico-sdk/src/rp2_common/pico_double/double_conv_m33.S.o
LOAD CMakeFiles/dspod_blink.dir/opt/pico2/pico-sdk/src/rp2_common/pico_float/float_math.c.o
LOAD CMakeFiles/dspod_blink.dir/opt/pico2/pico-sdk/src/rp2_common/pico_float/float_conv32_vfp.S.o
LOAD CMakeFiles/dspod_blink.dir/opt/pico2/pico-sdk/src/rp2_common/pico_float/float_common_m33.S.o
LOAD CMakeFiles/dspod_blink.dir/opt/pico2/pico-sdk/src/rp2_common/pico_float/float_sci_m33_vfp.S.o
LOAD CMakeFiles/dspod_blink.dir/opt/pico2/pico-sdk/src/rp2_common/pico_malloc/malloc.c.o
LOAD CMakeFiles/dspod_blink.dir/opt/pico2/pico-sdk/src/rp2_common/pico_atomic/atomic.c.o
LOAD CMakeFiles/dspod_blink.dir/opt/pico2/pico-sdk/src/rp2_common/pico_cxx_options/new_delete.cpp.o
LOAD CMakeFiles/dspod_blink.dir/opt/pico2/pico-sdk/src/rp2_common/pico_standard_binary_info/standard_binary_info.c.o
LOAD CMakeFiles/dspod_blink.dir/opt/pico2/pico-sdk/src/rp2_common/pico_printf/printf.c.o
LOAD CMakeFiles/dspod_blink.dir/opt/pico2/pico-sdk/src/rp2_common/pico_crt0/crt0.S.o
LOAD CMakeFiles/dspod_blink.dir/opt/pico2/pico-sdk/src/rp2_common/pico_clib_interface/newlib_interface.c.o
LOAD CMakeFiles/dspod_blink.dir/opt/pico2/pico-sdk/src/rp2_common/pico_stdio/stdio.c.o
LOAD CMakeFiles/dspod_blink.dir/opt/pico2/pico-sdk/src/rp2_common/pico_stdio_uart/stdio_uart.c.o
LOAD pico-sdk/src/rp2350/boot_stage2/CMakeFiles/bs2_default_library.dir/bs2_default_padded_checksummed.S.o
LOAD /opt/launchpad/arm-gnu-toolchain-13.3.rel1-x86_64-arm-none-eabi/bin/../lib/gcc/arm-none-eabi/13.3.1/../../../../arm-none-eabi/lib/thumb/v8-m.main+fp/softfp/libstdc++.a
LOAD /opt/launchpad/arm-gnu-toolchain-13.3.rel1-x86_64-arm-none-eabi/bin/../lib/gcc/arm-none-eabi/13.3.1/../../../../arm-none-eabi/lib/thumb/v8-m.main+fp/softfp/libm.a
START GROUP
LOAD /opt/launchpad/arm-gnu-toolchain-13.3.rel1-x86_64-arm-none-eabi/bin/../lib/gcc/arm-none-eabi/13.3.1/thumb/v8-m.main+fp/softfp/libgcc.a
LOAD /opt/launchpad/arm-gnu-toolchain-13.3.rel1-x86_64-arm-none-eabi/bin/../lib/gcc/arm-none-eabi/13.3.1/../../../../arm-none-eabi/lib/thumb/v8-m.main+fp/softfp/libg.a
LOAD /opt/launchpad/arm-gnu-toolchain-13.3.rel1-x86_64-arm-none-eabi/bin/../lib/gcc/arm-none-eabi/13.3.1/../../../../arm-none-eabi/lib/thumb/v8-m.main+fp/softfp/libc.a
END GROUP
START GROUP
LOAD /opt/launchpad/arm-gnu-toolchain-13.3.rel1-x86_64-arm-none-eabi/bin/../lib/gcc/arm-none-eabi/13.3.1/thumb/v8-m.main+fp/softfp/libgcc.a
LOAD /opt/launchpad/arm-gnu-toolchain-13.3.rel1-x86_64-arm-none-eabi/bin/../lib/gcc/arm-none-eabi/13.3.1/../../../../arm-none-eabi/lib/thumb/v8-m.main+fp/softfp/libc.a
LOAD /opt/launchpad/arm-gnu-toolchain-13.3.rel1-x86_64-arm-none-eabi/bin/../lib/gcc/arm-none-eabi/13.3.1/../../../../arm-none-eabi/lib/thumb/v8-m.main+fp/softfp/libnosys.a
END GROUP
LOAD /opt/launchpad/arm-gnu-toolchain-13.3.rel1-x86_64-arm-none-eabi/bin/../lib/gcc/arm-none-eabi/13.3.1/thumb/v8-m.main+fp/softfp/crtend.o
LOAD /opt/launchpad/arm-gnu-toolchain-13.3.rel1-x86_64-arm-none-eabi/bin/../lib/gcc/arm-none-eabi/13.3.1/thumb/v8-m.main+fp/softfp/crtn.o
OUTPUT(dspod_blink.elf elf32-littlearm)
LOAD linker stubs

.rel.dyn        0x100016cc        0x0
 .rel.iplt      0x100016cc        0x0 /opt/launchpad/arm-gnu-toolchain-13.3.rel1-x86_64-arm-none-eabi/bin/../lib/gcc/arm-none-eabi/13.3.1/thumb/v8-m.main+fp/softfp/crtbegin.o

.ARM.attributes
                0x00000000       0x34
 .ARM.attributes
                0x00000000       0x26 /opt/launchpad/arm-gnu-toolchain-13.3.rel1-x86_64-arm-none-eabi/bin/../lib/gcc/arm-none-eabi/13.3.1/thumb/v8-m.main+fp/softfp/crti.o
 .ARM.attributes
                0x00000026       0x36 /opt/launchpad/arm-gnu-toolchain-13.3.rel1-x86_64-arm-none-eabi/bin/../lib/gcc/arm-none-eabi/13.3.1/thumb/v8-m.main+fp/softfp/crtbegin.o
 .ARM.attributes
                0x0000005c       0x38 CMakeFiles/dspod_blink.dir/dspod_blink.c.o
 .ARM.attributes
                0x00000094       0x38 CMakeFiles/dspod_blink.dir/opt/pico2/pico-sdk/src/rp2_common/hardware_gpio/gpio.c.o
 .ARM.attributes
                0x000000cc       0x38 CMakeFiles/dspod_blink.dir/opt/pico2/pico-sdk/src/rp2_common/pico_platform_panic/panic.c.o
 .ARM.attributes
                0x00000104       0x38 CMakeFiles/dspod_blink.dir/opt/pico2/pico-sdk/src/common/hardware_claim/claim.c.o
 .ARM.attributes
                0x0000013c       0x38 CMakeFiles/dspod_blink.dir/opt/pico2/pico-sdk/src/rp2_common/hardware_sync/sync.c.o
 .ARM.attributes
                0x00000174       0x38 CMakeFiles/dspod_blink.dir/opt/pico2/pico-sdk/src/rp2_common/hardware_sync_spin_lock/sync_spin_lock.c.o
 .ARM.attributes
                0x000001ac       0x38 CMakeFiles/dspod_blink.dir/opt/pico2/pico-sdk/src/rp2_common/hardware_irq/irq.c.o
 .ARM.attributes
                0x000001e4       0x38 CMakeFiles/dspod_blink.dir/opt/pico2/pico-sdk/src/common/pico_sync/lock_core.c.o
 .ARM.attributes
                0x0000021c       0x38 CMakeFiles/dspod_blink.dir/opt/pico2/pico-sdk/src/common/pico_sync/mutex.c.o
 .ARM.attributes
                0x00000254       0x38 CMakeFiles/dspod_blink.dir/opt/pico2/pico-sdk/src/common/pico_time/time.c.o
 .ARM.attributes
                0x0000028c       0x38 CMakeFiles/dspod_blink.dir/opt/pico2/pico-sdk/src/rp2_common/hardware_timer/timer.c.o
 .ARM.attributes
                0x000002c4       0x38 CMakeFiles/dspod_blink.dir/opt/pico2/pico-sdk/src/rp2_common/hardware_clocks/clocks.c.o
 .ARM.attributes
                0x000002fc       0x38 CMakeFiles/dspod_blink.dir/opt/pico2/pico-sdk/src/rp2_common/hardware_pll/pll.c.o
 .ARM.attributes
                0x00000334       0x38 CMakeFiles/dspod_blink.dir/opt/pico2/pico-sdk/src/rp2_common/hardware_ticks/ticks.c.o
 .ARM.attributes
                0x0000036c       0x38 CMakeFiles/dspod_blink.dir/opt/pico2/pico-sdk/src/rp2_common/pico_bootrom/bootrom.c.o
 .ARM.attributes
                0x000003a4       0x38 CMakeFiles/dspod_blink.dir/opt/pico2/pico-sdk/src/rp2_common/pico_bootrom/bootrom_lock.c.o
 .ARM.attributes
                0x000003dc       0x38 CMakeFiles/dspod_blink.dir/opt/pico2/pico-sdk/src/rp2_common/hardware_boot_lock/boot_lock.c.o
 .ARM.attributes
                0x00000414       0x38 CMakeFiles/dspod_blink.dir/opt/pico2/pico-sdk/src/rp2_common/hardware_xosc/xosc.c.o
 .ARM.attributes
                0x0000044c       0x38 CMakeFiles/dspod_blink.dir/opt/pico2/pico-sdk/src/rp2_common/pico_runtime/runtime.c.o
 .ARM.attributes
                0x00000484       0x38 CMakeFiles/dspod_blink.dir/opt/pico2/pico-sdk/src/rp2_common/pico_runtime_init/runtime_init.c.o
 .ARM.attributes
                0x000004bc       0x38 CMakeFiles/dspod_blink.dir/opt/pico2/pico-sdk/src/rp2_common/pico_runtime_init/runtime_init_clocks.c.o
 .ARM.attributes
                0x000004f4       0x38 CMakeFiles/dspod_blink.dir/opt/pico2/pico-sdk/src/rp2_common/pico_standard_binary_info/standard_binary_info.c.o
 .ARM.attributes
                0x0000052c       0x38 CMakeFiles/dspod_blink.dir/opt/pico2/pico-sdk/src/rp2_common/pico_printf/printf.c.o
 .ARM.attributes
                0x00000564       0x28 CMakeFiles/dspod_blink.dir/opt/pico2/pico-sdk/src/rp2_common/pico_crt0/crt0.S.o
 .ARM.attributes
                0x0000058c       0x38 CMakeFiles/dspod_blink.dir/opt/pico2/pico-sdk/src/rp2_common/pico_clib_interface/newlib_interface.c.o
 .ARM.attributes
                0x000005c4       0x38 CMakeFiles/dspod_blink.dir/opt/pico2/pico-sdk/src/rp2_common/pico_stdio/stdio.c.o
 .ARM.attributes
                0x000005fc       0x24 /opt/launchpad/arm-gnu-toolchain-13.3.rel1-x86_64-arm-none-eabi/bin/../lib/gcc/arm-none-eabi/13.3.1/../../../../arm-none-eabi/lib/thumb/v8-m.main+fp/softfp/libg.a(libc_a-memcpy.o)
 .ARM.attributes
                0x00000620       0x36 /opt/launchpad/arm-gnu-toolchain-13.3.rel1-x86_64-arm-none-eabi/bin/../lib/gcc/arm-none-eabi/13.3.1/../../../../arm-none-eabi/lib/thumb/v8-m.main+fp/softfp/libg.a(libc_a-strlen-stub.o)
 .ARM.attributes
                0x00000656       0x36 /opt/launchpad/arm-gnu-toolchain-13.3.rel1-x86_64-arm-none-eabi/bin/../lib/gcc/arm-none-eabi/13.3.1/thumb/v8-m.main+fp/softfp/crtend.o

.comment        0x00000000       0x45
 .comment       0x00000000       0x45 CMakeFiles/dspod_blink.dir/dspod_blink.c.o
                                 0x46 (size before relaxing)
 .comment       0x00000045       0x46 CMakeFiles/dspod_blink.dir/opt/pico2/pico-sdk/src/rp2_common/hardware_gpio/gpio.c.o
 .comment       0x00000045       0x46 CMakeFiles/dspod_blink.dir/opt/pico2/pico-sdk/src/rp2_common/pico_platform_panic/panic.c.o
 .comment       0x00000045       0x46 CMakeFiles/dspod_blink.dir/opt/pico2/pico-sdk/src/common/hardware_claim/claim.c.o
 .comment       0x00000045       0x46 CMakeFiles/dspod_blink.dir/opt/pico2/pico-sdk/src/rp2_common/hardware_sync/sync.c.o
 .comment       0x00000045       0x46 CMakeFiles/dspod_blink.dir/opt/pico2/pico-sdk/src/rp2_common/hardware_sync_spin_lock/sync_spin_lock.c.o
 .comment       0x00000045       0x46 CMakeFiles/dspod_blink.dir/opt/pico2/pico-sdk/src/rp2_common/hardware_irq/irq.c.o
 .comment       0x00000045       0x46 CMakeFiles/dspod_blink.dir/opt/pico2/pico-sdk/src/common/pico_sync/lock_core.c.o
 .comment       0x00000045       0x46 CMakeFiles/dspod_blink.dir/opt/pico2/pico-sdk/src/common/pico_sync/mutex.c.o
 .comment       0x00000045       0x46 CMakeFiles/dspod_blink.dir/opt/pico2/pico-sdk/src/common/pico_time/time.c.o
 .comment       0x00000045       0x46 CMakeFiles/dspod_blink.dir/opt/pico2/pico-sdk/src/rp2_common/hardware_timer/timer.c.o
 .comment       0x00000045       0x46 CMakeFiles/dspod_blink.dir/opt/pico2/pico-sdk/src/rp2_common/hardware_clocks/clocks.c.o
 .comment       0x00000045       0x46 CMakeFiles/dspod_blink.dir/opt/pico2/pico-sdk/src/rp2_common/hardware_pll/pll.c.o
 .comment       0x00000045       0x46 CMakeFiles/dspod_blink.dir/opt/pico2/pico-sdk/src/rp2_common/hardware_ticks/ticks.c.o
 .comment       0x00000045       0x46 CMakeFiles/dspod_blink.dir/opt/pico2/pico-sdk/src/rp2_common/pico_bootrom/bootrom.c.o
 .comment       0x00000045       0x46 CMakeFiles/dspod_blink.dir/opt/pico2/pico-sdk/src/rp2_common/pico_bootrom/bootrom_lock.c.o
 .comment       0x00000045       0x46 CMakeFiles/dspod_blink.dir/opt/pico2/pico-sdk/src/rp2_common/hardware_boot_lock/boot_lock.c.o
 .comment       0x00000045       0x46 CMakeFiles/dspod_blink.dir/opt/pico2/pico-sdk/src/rp2_common/hardware_xosc/xosc.c.o
 .comment       0x00000045       0x46 CMakeFiles/dspod_blink.dir/opt/pico2/pico-sdk/src/rp2_common/pico_runtime/runtime.c.o
 .comment       0x00000045       0x46 CMakeFiles/dspod_blink.dir/opt/pico2/pico-sdk/src/rp2_common/pico_runtime_init/runtime_init.c.o
 .comment       0x00000045       0x46 CMakeFiles/dspod_blink.dir/opt/pico2/pico-sdk/src/rp2_common/pico_runtime_init/runtime_init_clocks.c.o
 .comment       0x00000045       0x46 CMakeFiles/dspod_blink.dir/opt/pico2/pico-sdk/src/rp2_common/pico_standard_binary_info/standard_binary_info.c.o
 .comment       0x00000045       0x46 CMakeFiles/dspod_blink.dir/opt/pico2/pico-sdk/src/rp2_common/pico_printf/printf.c.o
 .comment       0x00000045       0x46 CMakeFiles/dspod_blink.dir/opt/pico2/pico-sdk/src/rp2_common/pico_clib_interface/newlib_interface.c.o
 .comment       0x00000045       0x46 CMakeFiles/dspod_blink.dir/opt/pico2/pico-sdk/src/rp2_common/pico_stdio/stdio.c.o

.debug_info     0x00000000    0x1c3ac
 .debug_info    0x00000000      0x44a CMakeFiles/dspod_blink.dir/dspod_blink.c.o
 .debug_info    0x0000044a     0x2415 CMakeFiles/dspod_blink.dir/opt/pico2/pico-sdk/src/rp2_common/hardware_gpio/gpio.c.o
 .debug_info    0x0000285f      0x1be CMakeFiles/dspod_blink.dir/opt/pico2/pico-sdk/src/rp2_common/pico_platform_panic/panic.c.o
 .debug_info    0x00002a1d      0xb7c CMakeFiles/dspod_blink.dir/opt/pico2/pico-sdk/src/common/hardware_claim/claim.c.o
 .debug_info    0x00003599      0x465 CMakeFiles/dspod_blink.dir/opt/pico2/pico-sdk/src/rp2_common/hardware_sync/sync.c.o
 .debug_info    0x000039fe     0x145e CMakeFiles/dspod_blink.dir/opt/pico2/pico-sdk/src/rp2_common/hardware_sync_spin_lock/sync_spin_lock.c.o
 .debug_info    0x00004e5c     0x260b CMakeFiles/dspod_blink.dir/opt/pico2/pico-sdk/src/rp2_common/hardware_irq/irq.c.o
 .debug_info    0x00007467      0x187 CMakeFiles/dspod_blink.dir/opt/pico2/pico-sdk/src/common/pico_sync/lock_core.c.o
 .debug_info    0x000075ee     0x1e6f CMakeFiles/dspod_blink.dir/opt/pico2/pico-sdk/src/common/pico_sync/mutex.c.o
 .debug_info    0x0000945d     0x4c59 CMakeFiles/dspod_blink.dir/opt/pico2/pico-sdk/src/common/pico_time/time.c.o
 .debug_info    0x0000e0b6     0x30be CMakeFiles/dspod_blink.dir/opt/pico2/pico-sdk/src/rp2_common/hardware_timer/timer.c.o
 .debug_info    0x00011174     0x28ad CMakeFiles/dspod_blink.dir/opt/pico2/pico-sdk/src/rp2_common/hardware_clocks/clocks.c.o
 .debug_info    0x00013a21      0x507 CMakeFiles/dspod_blink.dir/opt/pico2/pico-sdk/src/rp2_common/hardware_pll/pll.c.o
 .debug_info    0x00013f28      0x26c CMakeFiles/dspod_blink.dir/opt/pico2/pico-sdk/src/rp2_common/hardware_ticks/ticks.c.o
 .debug_info    0x00014194      0x914 CMakeFiles/dspod_blink.dir/opt/pico2/pico-sdk/src/rp2_common/pico_bootrom/bootrom.c.o
 .debug_info    0x00014aa8      0x1c4 CMakeFiles/dspod_blink.dir/opt/pico2/pico-sdk/src/rp2_common/pico_bootrom/bootrom_lock.c.o
 .debug_info    0x00014c6c      0x316 CMakeFiles/dspod_blink.dir/opt/pico2/pico-sdk/src/rp2_common/hardware_boot_lock/boot_lock.c.o
 .debug_info    0x00014f82      0x1b1 CMakeFiles/dspod_blink.dir/opt/pico2/pico-sdk/src/rp2_common/hardware_xosc/xosc.c.o
 .debug_info    0x00015133      0x21a CMakeFiles/dspod_blink.dir/opt/pico2/pico-sdk/src/rp2_common/pico_runtime/runtime.c.o
 .debug_info    0x0001534d     0x1bcd CMakeFiles/dspod_blink.dir/opt/pico2/pico-sdk/src/rp2_common/pico_runtime_init/runtime_init.c.o
 .debug_info    0x00016f1a      0x7c8 CMakeFiles/dspod_blink.dir/opt/pico2/pico-sdk/src/rp2_common/pico_runtime_init/runtime_init_clocks.c.o
 .debug_info    0x000176e2      0x2b8 CMakeFiles/dspod_blink.dir/opt/pico2/pico-sdk/src/rp2_common/pico_standard_binary_info/standard_binary_info.c.o
 .debug_info    0x0001799a     0x208d CMakeFiles/dspod_blink.dir/opt/pico2/pico-sdk/src/rp2_common/pico_printf/printf.c.o
 .debug_info    0x00019a27       0x23 CMakeFiles/dspod_blink.dir/opt/pico2/pico-sdk/src/rp2_common/pico_crt0/crt0.S.o
 .debug_info    0x00019a4a      0xbdf CMakeFiles/dspod_blink.dir/opt/pico2/pico-sdk/src/rp2_common/pico_clib_interface/newlib_interface.c.o
 .debug_info    0x0001a629     0x1d83 CMakeFiles/dspod_blink.dir/opt/pico2/pico-sdk/src/rp2_common/pico_stdio/stdio.c.o

.debug_abbrev   0x00000000     0x4d33
 .debug_abbrev  0x00000000      0x1fc CMakeFiles/dspod_blink.dir/dspod_blink.c.o
 .debug_abbrev  0x000001fc      0x54a CMakeFiles/dspod_blink.dir/opt/pico2/pico-sdk/src/rp2_common/hardware_gpio/gpio.c.o
 .debug_abbrev  0x00000746      0x12b CMakeFiles/dspod_blink.dir/opt/pico2/pico-sdk/src/rp2_common/pico_platform_panic/panic.c.o
 .debug_abbrev  0x00000871      0x35c CMakeFiles/dspod_blink.dir/opt/pico2/pico-sdk/src/common/hardware_claim/claim.c.o
 .debug_abbrev  0x00000bcd      0x22d CMakeFiles/dspod_blink.dir/opt/pico2/pico-sdk/src/rp2_common/hardware_sync/sync.c.o
 .debug_abbrev  0x00000dfa      0x26e CMakeFiles/dspod_blink.dir/opt/pico2/pico-sdk/src/rp2_common/hardware_sync_spin_lock/sync_spin_lock.c.o
 .debug_abbrev  0x00001068      0x631 CMakeFiles/dspod_blink.dir/opt/pico2/pico-sdk/src/rp2_common/hardware_irq/irq.c.o
 .debug_abbrev  0x00001699      0x11e CMakeFiles/dspod_blink.dir/opt/pico2/pico-sdk/src/common/pico_sync/lock_core.c.o
 .debug_abbrev  0x000017b7      0x49b CMakeFiles/dspod_blink.dir/opt/pico2/pico-sdk/src/common/pico_sync/mutex.c.o
 .debug_abbrev  0x00001c52      0x65c CMakeFiles/dspod_blink.dir/opt/pico2/pico-sdk/src/common/pico_time/time.c.o
 .debug_abbrev  0x000022ae      0x4f9 CMakeFiles/dspod_blink.dir/opt/pico2/pico-sdk/src/rp2_common/hardware_timer/timer.c.o
 .debug_abbrev  0x000027a7      0x4d5 CMakeFiles/dspod_blink.dir/opt/pico2/pico-sdk/src/rp2_common/hardware_clocks/clocks.c.o
 .debug_abbrev  0x00002c7c      0x1a8 CMakeFiles/dspod_blink.dir/opt/pico2/pico-sdk/src/rp2_common/hardware_pll/pll.c.o
 .debug_abbrev  0x00002e24      0x146 CMakeFiles/dspod_blink.dir/opt/pico2/pico-sdk/src/rp2_common/hardware_ticks/ticks.c.o
 .debug_abbrev  0x00002f6a      0x36a CMakeFiles/dspod_blink.dir/opt/pico2/pico-sdk/src/rp2_common/pico_bootrom/bootrom.c.o
 .debug_abbrev  0x000032d4       0xfb CMakeFiles/dspod_blink.dir/opt/pico2/pico-sdk/src/rp2_common/pico_bootrom/bootrom_lock.c.o
 .debug_abbrev  0x000033cf      0x1de CMakeFiles/dspod_blink.dir/opt/pico2/pico-sdk/src/rp2_common/hardware_boot_lock/boot_lock.c.o
 .debug_abbrev  0x000035ad      0x109 CMakeFiles/dspod_blink.dir/opt/pico2/pico-sdk/src/rp2_common/hardware_xosc/xosc.c.o
 .debug_abbrev  0x000036b6      0x182 CMakeFiles/dspod_blink.dir/opt/pico2/pico-sdk/src/rp2_common/pico_runtime/runtime.c.o
 .debug_abbrev  0x00003838      0x2dd CMakeFiles/dspod_blink.dir/opt/pico2/pico-sdk/src/rp2_common/pico_runtime_init/runtime_init.c.o
 .debug_abbrev  0x00003b15      0x29d CMakeFiles/dspod_blink.dir/opt/pico2/pico-sdk/src/rp2_common/pico_runtime_init/runtime_init_clocks.c.o
 .debug_abbrev  0x00003db2       0xb8 CMakeFiles/dspod_blink.dir/opt/pico2/pico-sdk/src/rp2_common/pico_standard_binary_info/standard_binary_info.c.o
 .debug_abbrev  0x00003e6a      0x540 CMakeFiles/dspod_blink.dir/opt/pico2/pico-sdk/src/rp2_common/pico_printf/printf.c.o
 .debug_abbrev  0x000043aa       0x12 CMakeFiles/dspod_blink.dir/opt/pico2/pico-sdk/src/rp2_common/pico_crt0/crt0.S.o
 .debug_abbrev  0x000043bc      0x375 CMakeFiles/dspod_blink.dir/opt/pico2/pico-sdk/src/rp2_common/pico_clib_interface/newlib_interface.c.o
 .debug_abbrev  0x00004731      0x602 CMakeFiles/dspod_blink.dir/opt/pico2/pico-sdk/src/rp2_common/pico_stdio/stdio.c.o

.debug_loclists
                0x00000000     0xe319
 .debug_loclists
                0x00000000      0x112 CMakeFiles/dspod_blink.dir/dspod_blink.c.o
 .debug_loclists
                0x00000112     0x194b CMakeFiles/dspod_blink.dir/opt/pico2/pico-sdk/src/rp2_common/hardware_gpio/gpio.c.o
 .debug_loclists
                0x00001a5d      0x451 CMakeFiles/dspod_blink.dir/opt/pico2/pico-sdk/src/common/hardware_claim/claim.c.o
 .debug_loclists
                0x00001eae      0x107 CMakeFiles/dspod_blink.dir/opt/pico2/pico-sdk/src/rp2_common/hardware_sync/sync.c.o
 .debug_loclists
                0x00001fb5       0xa2 CMakeFiles/dspod_blink.dir/opt/pico2/pico-sdk/src/rp2_common/hardware_sync_spin_lock/sync_spin_lock.c.o
 .debug_loclists
                0x00002057     0x10e3 CMakeFiles/dspod_blink.dir/opt/pico2/pico-sdk/src/rp2_common/hardware_irq/irq.c.o
 .debug_loclists
                0x0000313a       0x17 CMakeFiles/dspod_blink.dir/opt/pico2/pico-sdk/src/common/pico_sync/lock_core.c.o
 .debug_loclists
                0x00003151      0xae5 CMakeFiles/dspod_blink.dir/opt/pico2/pico-sdk/src/common/pico_sync/mutex.c.o
 .debug_loclists
                0x00003c36     0x29e5 CMakeFiles/dspod_blink.dir/opt/pico2/pico-sdk/src/common/pico_time/time.c.o
 .debug_loclists
                0x0000661b     0x1a37 CMakeFiles/dspod_blink.dir/opt/pico2/pico-sdk/src/rp2_common/hardware_timer/timer.c.o
 .debug_loclists
                0x00008052     0x20df CMakeFiles/dspod_blink.dir/opt/pico2/pico-sdk/src/rp2_common/hardware_clocks/clocks.c.o
 .debug_loclists
                0x0000a131      0x1b7 CMakeFiles/dspod_blink.dir/opt/pico2/pico-sdk/src/rp2_common/hardware_pll/pll.c.o
 .debug_loclists
                0x0000a2e8       0x8b CMakeFiles/dspod_blink.dir/opt/pico2/pico-sdk/src/rp2_common/hardware_ticks/ticks.c.o
 .debug_loclists
                0x0000a373      0x49b CMakeFiles/dspod_blink.dir/opt/pico2/pico-sdk/src/rp2_common/pico_bootrom/bootrom.c.o
 .debug_loclists
                0x0000a80e       0x28 CMakeFiles/dspod_blink.dir/opt/pico2/pico-sdk/src/rp2_common/pico_bootrom/bootrom_lock.c.o
 .debug_loclists
                0x0000a836       0x78 CMakeFiles/dspod_blink.dir/opt/pico2/pico-sdk/src/rp2_common/hardware_boot_lock/boot_lock.c.o
 .debug_loclists
                0x0000a8ae       0x48 CMakeFiles/dspod_blink.dir/opt/pico2/pico-sdk/src/rp2_common/hardware_xosc/xosc.c.o
 .debug_loclists
                0x0000a8f6       0x7e CMakeFiles/dspod_blink.dir/opt/pico2/pico-sdk/src/rp2_common/pico_runtime/runtime.c.o
 .debug_loclists
                0x0000a974      0x10a CMakeFiles/dspod_blink.dir/opt/pico2/pico-sdk/src/rp2_common/pico_runtime_init/runtime_init.c.o
 .debug_loclists
                0x0000aa7e       0x74 CMakeFiles/dspod_blink.dir/opt/pico2/pico-sdk/src/rp2_common/pico_runtime_init/runtime_init_clocks.c.o
 .debug_loclists
                0x0000aaf2     0x290d CMakeFiles/dspod_blink.dir/opt/pico2/pico-sdk/src/rp2_common/pico_printf/printf.c.o
 .debug_loclists
                0x0000d3ff      0x408 CMakeFiles/dspod_blink.dir/opt/pico2/pico-sdk/src/rp2_common/pico_clib_interface/newlib_interface.c.o
 .debug_loclists
                0x0000d807      0xb12 CMakeFiles/dspod_blink.dir/opt/pico2/pico-sdk/src/rp2_common/pico_stdio/stdio.c.o

.debug_aranges  0x00000000      0xa20
 .debug_aranges
                0x00000000       0x30 CMakeFiles/dspod_blink.dir/dspod_blink.c.o
 .debug_aranges
                0x00000030      0x120 CMakeFiles/dspod_blink.dir/opt/pico2/pico-sdk/src/rp2_common/hardware_gpio/gpio.c.o
 .debug_aranges
                0x00000150       0x28 CMakeFiles/dspod_blink.dir/opt/pico2/pico-sdk/src/rp2_common/pico_platform_panic/panic.c.o
 .debug_aranges
                0x00000178       0x48 CMakeFiles/dspod_blink.dir/opt/pico2/pico-sdk/src/common/hardware_claim/claim.c.o
 .debug_aranges
                0x000001c0       0x48 CMakeFiles/dspod_blink.dir/opt/pico2/pico-sdk/src/rp2_common/hardware_sync/sync.c.o
 .debug_aranges
                0x00000208       0x30 CMakeFiles/dspod_blink.dir/opt/pico2/pico-sdk/src/rp2_common/hardware_sync_spin_lock/sync_spin_lock.c.o
 .debug_aranges
                0x00000238       0xb8 CMakeFiles/dspod_blink.dir/opt/pico2/pico-sdk/src/rp2_common/hardware_irq/irq.c.o
 .debug_aranges
                0x000002f0       0x20 CMakeFiles/dspod_blink.dir/opt/pico2/pico-sdk/src/common/pico_sync/lock_core.c.o
 .debug_aranges
                0x00000310       0x98 CMakeFiles/dspod_blink.dir/opt/pico2/pico-sdk/src/common/pico_sync/mutex.c.o
 .debug_aranges
                0x000003a8       0xe0 CMakeFiles/dspod_blink.dir/opt/pico2/pico-sdk/src/common/pico_time/time.c.o
 .debug_aranges
                0x00000488       0xf0 CMakeFiles/dspod_blink.dir/opt/pico2/pico-sdk/src/rp2_common/hardware_timer/timer.c.o
 .debug_aranges
                0x00000578       0x90 CMakeFiles/dspod_blink.dir/opt/pico2/pico-sdk/src/rp2_common/hardware_clocks/clocks.c.o
 .debug_aranges
                0x00000608       0x28 CMakeFiles/dspod_blink.dir/opt/pico2/pico-sdk/src/rp2_common/hardware_pll/pll.c.o
 .debug_aranges
                0x00000630       0x30 CMakeFiles/dspod_blink.dir/opt/pico2/pico-sdk/src/rp2_common/hardware_ticks/ticks.c.o
 .debug_aranges
                0x00000660       0x58 CMakeFiles/dspod_blink.dir/opt/pico2/pico-sdk/src/rp2_common/pico_bootrom/bootrom.c.o
 .debug_aranges
                0x000006b8       0x20 CMakeFiles/dspod_blink.dir/opt/pico2/pico-sdk/src/rp2_common/pico_bootrom/bootrom_lock.c.o
 .debug_aranges
                0x000006d8       0x30 CMakeFiles/dspod_blink.dir/opt/pico2/pico-sdk/src/rp2_common/hardware_boot_lock/boot_lock.c.o
 .debug_aranges
                0x00000708       0x30 CMakeFiles/dspod_blink.dir/opt/pico2/pico-sdk/src/rp2_common/hardware_xosc/xosc.c.o
 .debug_aranges
                0x00000738       0x38 CMakeFiles/dspod_blink.dir/opt/pico2/pico-sdk/src/rp2_common/pico_runtime/runtime.c.o
 .debug_aranges
                0x00000770       0x58 CMakeFiles/dspod_blink.dir/opt/pico2/pico-sdk/src/rp2_common/pico_runtime_init/runtime_init.c.o
 .debug_aranges
                0x000007c8       0x20 CMakeFiles/dspod_blink.dir/opt/pico2/pico-sdk/src/rp2_common/pico_runtime_init/runtime_init_clocks.c.o
 .debug_aranges
                0x000007e8       0x18 CMakeFiles/dspod_blink.dir/opt/pico2/pico-sdk/src/rp2_common/pico_standard_binary_info/standard_binary_info.c.o
 .debug_aranges
                0x00000800       0x90 CMakeFiles/dspod_blink.dir/opt/pico2/pico-sdk/src/rp2_common/pico_printf/printf.c.o
 .debug_aranges
                0x00000890       0x28 CMakeFiles/dspod_blink.dir/opt/pico2/pico-sdk/src/rp2_common/pico_crt0/crt0.S.o
 .debug_aranges
                0x000008b8       0xa0 CMakeFiles/dspod_blink.dir/opt/pico2/pico-sdk/src/rp2_common/pico_clib_interface/newlib_interface.c.o
 .debug_aranges
                0x00000958       0xc8 CMakeFiles/dspod_blink.dir/opt/pico2/pico-sdk/src/rp2_common/pico_stdio/stdio.c.o

.debug_rnglists
                0x00000000     0x2a3f
 .debug_rnglists
                0x00000000       0x37 CMakeFiles/dspod_blink.dir/dspod_blink.c.o
 .debug_rnglists
                0x00000037      0x641 CMakeFiles/dspod_blink.dir/opt/pico2/pico-sdk/src/rp2_common/hardware_gpio/gpio.c.o
 .debug_rnglists
                0x00000678       0x19 CMakeFiles/dspod_blink.dir/opt/pico2/pico-sdk/src/rp2_common/pico_platform_panic/panic.c.o
 .debug_rnglists
                0x00000691      0x104 CMakeFiles/dspod_blink.dir/opt/pico2/pico-sdk/src/common/hardware_claim/claim.c.o
 .debug_rnglists
                0x00000795       0x67 CMakeFiles/dspod_blink.dir/opt/pico2/pico-sdk/src/rp2_common/hardware_sync/sync.c.o
 .debug_rnglists
                0x000007fc       0x43 CMakeFiles/dspod_blink.dir/opt/pico2/pico-sdk/src/rp2_common/hardware_sync_spin_lock/sync_spin_lock.c.o
 .debug_rnglists
                0x0000083f      0x3ea CMakeFiles/dspod_blink.dir/opt/pico2/pico-sdk/src/rp2_common/hardware_irq/irq.c.o
 .debug_rnglists
                0x00000c29       0x13 CMakeFiles/dspod_blink.dir/opt/pico2/pico-sdk/src/common/pico_sync/lock_core.c.o
 .debug_rnglists
                0x00000c3c      0x2c1 CMakeFiles/dspod_blink.dir/opt/pico2/pico-sdk/src/common/pico_sync/mutex.c.o
 .debug_rnglists
                0x00000efd      0x7a7 CMakeFiles/dspod_blink.dir/opt/pico2/pico-sdk/src/common/pico_time/time.c.o
 .debug_rnglists
                0x000016a4      0x499 CMakeFiles/dspod_blink.dir/opt/pico2/pico-sdk/src/rp2_common/hardware_timer/timer.c.o
 .debug_rnglists
                0x00001b3d      0x5fa CMakeFiles/dspod_blink.dir/opt/pico2/pico-sdk/src/rp2_common/hardware_clocks/clocks.c.o
 .debug_rnglists
                0x00002137       0x59 CMakeFiles/dspod_blink.dir/opt/pico2/pico-sdk/src/rp2_common/hardware_pll/pll.c.o
 .debug_rnglists
                0x00002190       0x2b CMakeFiles/dspod_blink.dir/opt/pico2/pico-sdk/src/rp2_common/hardware_ticks/ticks.c.o
 .debug_rnglists
                0x000021bb       0x9d CMakeFiles/dspod_blink.dir/opt/pico2/pico-sdk/src/rp2_common/pico_bootrom/bootrom.c.o
 .debug_rnglists
                0x00002258       0x13 CMakeFiles/dspod_blink.dir/opt/pico2/pico-sdk/src/rp2_common/pico_bootrom/bootrom_lock.c.o
 .debug_rnglists
                0x0000226b       0x4f CMakeFiles/dspod_blink.dir/opt/pico2/pico-sdk/src/rp2_common/hardware_boot_lock/boot_lock.c.o
 .debug_rnglists
                0x000022ba       0x2b CMakeFiles/dspod_blink.dir/opt/pico2/pico-sdk/src/rp2_common/hardware_xosc/xosc.c.o
 .debug_rnglists
                0x000022e5       0x3d CMakeFiles/dspod_blink.dir/opt/pico2/pico-sdk/src/rp2_common/pico_runtime/runtime.c.o
 .debug_rnglists
                0x00002322       0x70 CMakeFiles/dspod_blink.dir/opt/pico2/pico-sdk/src/rp2_common/pico_runtime_init/runtime_init.c.o
 .debug_rnglists
                0x00002392       0x2c CMakeFiles/dspod_blink.dir/opt/pico2/pico-sdk/src/rp2_common/pico_runtime_init/runtime_init_clocks.c.o
 .debug_rnglists
                0x000023be      0x2bf CMakeFiles/dspod_blink.dir/opt/pico2/pico-sdk/src/rp2_common/pico_printf/printf.c.o
 .debug_rnglists
                0x0000267d       0x1b CMakeFiles/dspod_blink.dir/opt/pico2/pico-sdk/src/rp2_common/pico_crt0/crt0.S.o
 .debug_rnglists
                0x00002698       0xaf CMakeFiles/dspod_blink.dir/opt/pico2/pico-sdk/src/rp2_common/pico_clib_interface/newlib_interface.c.o
 .debug_rnglists
                0x00002747      0x2f8 CMakeFiles/dspod_blink.dir/opt/pico2/pico-sdk/src/rp2_common/pico_stdio/stdio.c.o

.debug_line     0x00000000    0x12496
 .debug_line    0x00000000      0x34e CMakeFiles/dspod_blink.dir/dspod_blink.c.o
 .debug_line    0x0000034e     0x1b61 CMakeFiles/dspod_blink.dir/opt/pico2/pico-sdk/src/rp2_common/hardware_gpio/gpio.c.o
 .debug_line    0x00001eaf      0x291 CMakeFiles/dspod_blink.dir/opt/pico2/pico-sdk/src/rp2_common/pico_platform_panic/panic.c.o
 .debug_line    0x00002140      0x819 CMakeFiles/dspod_blink.dir/opt/pico2/pico-sdk/src/common/hardware_claim/claim.c.o
 .debug_line    0x00002959      0x3f2 CMakeFiles/dspod_blink.dir/opt/pico2/pico-sdk/src/rp2_common/hardware_sync/sync.c.o
 .debug_line    0x00002d4b      0x37f CMakeFiles/dspod_blink.dir/opt/pico2/pico-sdk/src/rp2_common/hardware_sync_spin_lock/sync_spin_lock.c.o
 .debug_line    0x000030ca     0x16f4 CMakeFiles/dspod_blink.dir/opt/pico2/pico-sdk/src/rp2_common/hardware_irq/irq.c.o
 .debug_line    0x000047be      0x25a CMakeFiles/dspod_blink.dir/opt/pico2/pico-sdk/src/common/pico_sync/lock_core.c.o
 .debug_line    0x00004a18     0x1218 CMakeFiles/dspod_blink.dir/opt/pico2/pico-sdk/src/common/pico_sync/mutex.c.o
 .debug_line    0x00005c30     0x2d7d CMakeFiles/dspod_blink.dir/opt/pico2/pico-sdk/src/common/pico_time/time.c.o
 .debug_line    0x000089ad     0x1d34 CMakeFiles/dspod_blink.dir/opt/pico2/pico-sdk/src/rp2_common/hardware_timer/timer.c.o
 .debug_line    0x0000a6e1     0x1db3 CMakeFiles/dspod_blink.dir/opt/pico2/pico-sdk/src/rp2_common/hardware_clocks/clocks.c.o
 .debug_line    0x0000c494      0x496 CMakeFiles/dspod_blink.dir/opt/pico2/pico-sdk/src/rp2_common/hardware_pll/pll.c.o
 .debug_line    0x0000c92a      0x315 CMakeFiles/dspod_blink.dir/opt/pico2/pico-sdk/src/rp2_common/hardware_ticks/ticks.c.o
 .debug_line    0x0000cc3f      0x66d CMakeFiles/dspod_blink.dir/opt/pico2/pico-sdk/src/rp2_common/pico_bootrom/bootrom.c.o
 .debug_line    0x0000d2ac      0x36a CMakeFiles/dspod_blink.dir/opt/pico2/pico-sdk/src/rp2_common/pico_bootrom/bootrom_lock.c.o
 .debug_line    0x0000d616      0x402 CMakeFiles/dspod_blink.dir/opt/pico2/pico-sdk/src/rp2_common/hardware_boot_lock/boot_lock.c.o
 .debug_line    0x0000da18      0x337 CMakeFiles/dspod_blink.dir/opt/pico2/pico-sdk/src/rp2_common/hardware_xosc/xosc.c.o
 .debug_line    0x0000dd4f      0x303 CMakeFiles/dspod_blink.dir/opt/pico2/pico-sdk/src/rp2_common/pico_runtime/runtime.c.o
 .debug_line    0x0000e052      0x58a CMakeFiles/dspod_blink.dir/opt/pico2/pico-sdk/src/rp2_common/pico_runtime_init/runtime_init.c.o
 .debug_line    0x0000e5dc      0x510 CMakeFiles/dspod_blink.dir/opt/pico2/pico-sdk/src/rp2_common/pico_runtime_init/runtime_init_clocks.c.o
 .debug_line    0x0000eaec      0x1ee CMakeFiles/dspod_blink.dir/opt/pico2/pico-sdk/src/rp2_common/pico_standard_binary_info/standard_binary_info.c.o
 .debug_line    0x0000ecda     0x1a7a CMakeFiles/dspod_blink.dir/opt/pico2/pico-sdk/src/rp2_common/pico_printf/printf.c.o
 .debug_line    0x00010754       0xa1 CMakeFiles/dspod_blink.dir/opt/pico2/pico-sdk/src/rp2_common/pico_crt0/crt0.S.o
 .debug_line    0x000107f5      0x7e2 CMakeFiles/dspod_blink.dir/opt/pico2/pico-sdk/src/rp2_common/pico_clib_interface/newlib_interface.c.o
 .debug_line    0x00010fd7     0x14bf CMakeFiles/dspod_blink.dir/opt/pico2/pico-sdk/src/rp2_common/pico_stdio/stdio.c.o

.debug_str      0x00000000     0x4bf8
 .debug_str     0x00000000     0x4bf8 CMakeFiles/dspod_blink.dir/dspod_blink.c.o
                                0x27c (size before relaxing)
 .debug_str     0x00004bf8      0xd34 CMakeFiles/dspod_blink.dir/opt/pico2/pico-sdk/src/rp2_common/hardware_gpio/gpio.c.o
 .debug_str     0x00004bf8      0x218 CMakeFiles/dspod_blink.dir/opt/pico2/pico-sdk/src/rp2_common/pico_platform_panic/panic.c.o
 .debug_str     0x00004bf8      0x38a CMakeFiles/dspod_blink.dir/opt/pico2/pico-sdk/src/common/hardware_claim/claim.c.o
 .debug_str     0x00004bf8      0x335 CMakeFiles/dspod_blink.dir/opt/pico2/pico-sdk/src/rp2_common/hardware_sync/sync.c.o
 .debug_str     0x00004bf8      0xbe2 CMakeFiles/dspod_blink.dir/opt/pico2/pico-sdk/src/rp2_common/hardware_sync_spin_lock/sync_spin_lock.c.o
 .debug_str     0x00004bf8      0xc4f CMakeFiles/dspod_blink.dir/opt/pico2/pico-sdk/src/rp2_common/hardware_irq/irq.c.o
 .debug_str     0x00004bf8      0x227 CMakeFiles/dspod_blink.dir/opt/pico2/pico-sdk/src/common/pico_sync/lock_core.c.o
 .debug_str     0x00004bf8      0x8fb CMakeFiles/dspod_blink.dir/opt/pico2/pico-sdk/src/common/pico_sync/mutex.c.o
 .debug_str     0x00004bf8     0x131e CMakeFiles/dspod_blink.dir/opt/pico2/pico-sdk/src/common/pico_time/time.c.o
 .debug_str     0x00004bf8      0xbb5 CMakeFiles/dspod_blink.dir/opt/pico2/pico-sdk/src/rp2_common/hardware_timer/timer.c.o
 .debug_str     0x00004bf8      0xb76 CMakeFiles/dspod_blink.dir/opt/pico2/pico-sdk/src/rp2_common/hardware_clocks/clocks.c.o
 .debug_str     0x00004bf8      0x4ae CMakeFiles/dspod_blink.dir/opt/pico2/pico-sdk/src/rp2_common/hardware_pll/pll.c.o
 .debug_str     0x00004bf8      0x2db CMakeFiles/dspod_blink.dir/opt/pico2/pico-sdk/src/rp2_common/hardware_ticks/ticks.c.o
 .debug_str     0x00004bf8      0x6cc CMakeFiles/dspod_blink.dir/opt/pico2/pico-sdk/src/rp2_common/pico_bootrom/bootrom.c.o
 .debug_str     0x00004bf8      0x2c3 CMakeFiles/dspod_blink.dir/opt/pico2/pico-sdk/src/rp2_common/pico_bootrom/bootrom_lock.c.o
 .debug_str     0x00004bf8      0x2a1 CMakeFiles/dspod_blink.dir/opt/pico2/pico-sdk/src/rp2_common/hardware_boot_lock/boot_lock.c.o
 .debug_str     0x00004bf8      0x254 CMakeFiles/dspod_blink.dir/opt/pico2/pico-sdk/src/rp2_common/hardware_xosc/xosc.c.o
 .debug_str     0x00004bf8      0x2aa CMakeFiles/dspod_blink.dir/opt/pico2/pico-sdk/src/rp2_common/pico_runtime/runtime.c.o
 .debug_str     0x00004bf8     0x11ef CMakeFiles/dspod_blink.dir/opt/pico2/pico-sdk/src/rp2_common/pico_runtime_init/runtime_init.c.o
 .debug_str     0x00004bf8      0x4f6 CMakeFiles/dspod_blink.dir/opt/pico2/pico-sdk/src/rp2_common/pico_runtime_init/runtime_init_clocks.c.o
 .debug_str     0x00004bf8      0x419 CMakeFiles/dspod_blink.dir/opt/pico2/pico-sdk/src/rp2_common/pico_standard_binary_info/standard_binary_info.c.o
 .debug_str     0x00004bf8      0x4b1 CMakeFiles/dspod_blink.dir/opt/pico2/pico-sdk/src/rp2_common/pico_printf/printf.c.o
 .debug_str     0x00004bf8       0x90 CMakeFiles/dspod_blink.dir/opt/pico2/pico-sdk/src/rp2_common/pico_crt0/crt0.S.o
 .debug_str     0x00004bf8      0x896 CMakeFiles/dspod_blink.dir/opt/pico2/pico-sdk/src/rp2_common/pico_clib_interface/newlib_interface.c.o
 .debug_str     0x00004bf8      0xfd2 CMakeFiles/dspod_blink.dir/opt/pico2/pico-sdk/src/rp2_common/pico_stdio/stdio.c.o

.debug_frame    0x00000000     0x1c64
 .debug_frame   0x00000000       0x50 CMakeFiles/dspod_blink.dir/dspod_blink.c.o
 .debug_frame   0x00000050      0x39c CMakeFiles/dspod_blink.dir/opt/pico2/pico-sdk/src/rp2_common/hardware_gpio/gpio.c.o
 .debug_frame   0x000003ec       0x4c CMakeFiles/dspod_blink.dir/opt/pico2/pico-sdk/src/rp2_common/pico_platform_panic/panic.c.o
 .debug_frame   0x00000438       0x94 CMakeFiles/dspod_blink.dir/opt/pico2/pico-sdk/src/common/hardware_claim/claim.c.o
 .debug_frame   0x000004cc       0x98 CMakeFiles/dspod_blink.dir/opt/pico2/pico-sdk/src/rp2_common/hardware_sync/sync.c.o
 .debug_frame   0x00000564       0x40 CMakeFiles/dspod_blink.dir/opt/pico2/pico-sdk/src/rp2_common/hardware_sync_spin_lock/sync_spin_lock.c.o
 .debug_frame   0x000005a4      0x1cc CMakeFiles/dspod_blink.dir/opt/pico2/pico-sdk/src/rp2_common/hardware_irq/irq.c.o
 .debug_frame   0x00000770       0x20 CMakeFiles/dspod_blink.dir/opt/pico2/pico-sdk/src/common/pico_sync/lock_core.c.o
 .debug_frame   0x00000790      0x1d0 CMakeFiles/dspod_blink.dir/opt/pico2/pico-sdk/src/common/pico_sync/mutex.c.o
 .debug_frame   0x00000960      0x35c CMakeFiles/dspod_blink.dir/opt/pico2/pico-sdk/src/common/pico_time/time.c.o
 .debug_frame   0x00000cbc      0x2d4 CMakeFiles/dspod_blink.dir/opt/pico2/pico-sdk/src/rp2_common/hardware_timer/timer.c.o
 .debug_frame   0x00000f90      0x1f0 CMakeFiles/dspod_blink.dir/opt/pico2/pico-sdk/src/rp2_common/hardware_clocks/clocks.c.o
 .debug_frame   0x00001180       0x44 CMakeFiles/dspod_blink.dir/opt/pico2/pico-sdk/src/rp2_common/hardware_pll/pll.c.o
 .debug_frame   0x000011c4       0x40 CMakeFiles/dspod_blink.dir/opt/pico2/pico-sdk/src/rp2_common/hardware_ticks/ticks.c.o
 .debug_frame   0x00001204       0xfc CMakeFiles/dspod_blink.dir/opt/pico2/pico-sdk/src/rp2_common/pico_bootrom/bootrom.c.o
 .debug_frame   0x00001300       0x20 CMakeFiles/dspod_blink.dir/opt/pico2/pico-sdk/src/rp2_common/pico_bootrom/bootrom_lock.c.o
 .debug_frame   0x00001320       0x40 CMakeFiles/dspod_blink.dir/opt/pico2/pico-sdk/src/rp2_common/hardware_boot_lock/boot_lock.c.o
 .debug_frame   0x00001360       0x4c CMakeFiles/dspod_blink.dir/opt/pico2/pico-sdk/src/rp2_common/hardware_xosc/xosc.c.o
 .debug_frame   0x000013ac       0x70 CMakeFiles/dspod_blink.dir/opt/pico2/pico-sdk/src/rp2_common/pico_runtime/runtime.c.o
 .debug_frame   0x0000141c       0xbc CMakeFiles/dspod_blink.dir/opt/pico2/pico-sdk/src/rp2_common/pico_runtime_init/runtime_init.c.o
 .debug_frame   0x000014d8       0x34 CMakeFiles/dspod_blink.dir/opt/pico2/pico-sdk/src/rp2_common/pico_runtime_init/runtime_init_clocks.c.o
 .debug_frame   0x0000150c      0x2d4 CMakeFiles/dspod_blink.dir/opt/pico2/pico-sdk/src/rp2_common/pico_printf/printf.c.o
 .debug_frame   0x000017e0      0x180 CMakeFiles/dspod_blink.dir/opt/pico2/pico-sdk/src/rp2_common/pico_clib_interface/newlib_interface.c.o
 .debug_frame   0x00001960      0x2e4 CMakeFiles/dspod_blink.dir/opt/pico2/pico-sdk/src/rp2_common/pico_stdio/stdio.c.o
 .debug_frame   0x00001c44       0x20 /opt/launchpad/arm-gnu-toolchain-13.3.rel1-x86_64-arm-none-eabi/bin/../lib/gcc/arm-none-eabi/13.3.1/../../../../arm-none-eabi/lib/thumb/v8-m.main+fp/softfp/libg.a(libc_a-strlen-stub.o)

.debug_line_str
                0x00000000      0x164
 .debug_line_str
                0x00000000      0x164 CMakeFiles/dspod_blink.dir/opt/pico2/pico-sdk/src/rp2_common/pico_crt0/crt0.S.o
                                 0x82 (size before relaxing)
 .debug_line_str
                0x00000164       0xe2 /opt/launchpad/arm-gnu-toolchain-13.3.rel1-x86_64-arm-none-eabi/bin/../lib/gcc/arm-none-eabi/13.3.1/../../../../arm-none-eabi/lib/thumb/v8-m.main+fp/softfp/libg.a(libc_a-memcpy.o)
